<html>
<body>
<pre>
<h1>µVision Build Log</h1>
<h2>Tool Versions:</h2>
IDE-Version: µVision V5.33.0.0
Copyright (C) 2020 ARM Ltd and ARM Germany GmbH. All rights reserved.
License Information: samah hussein, auc, LIC=----
 
Tool Versions:
Toolchain:       MDK-Lite  Version: 5.33.0.0
Toolchain Path:  C:\Keil_v5\ARM\ARMCC\Bin
C Compiler:      Armcc.exe V5.06 update 7 (build 960)
Assembler:       Armasm.exe V5.06 update 7 (build 960)
Linker/Locator:  ArmLink.exe V5.06 update 7 (build 960)
Library Manager: ArmAr.exe V5.06 update 7 (build 960)
Hex Converter:   FromElf.exe V5.06 update 7 (build 960)
CPU DLL:         SARMCM3.DLL V5.33.0.0
Dialog DLL:      DCM.DLL V1.17.3.0
Target DLL:      STLink\ST-LINKIII-KEIL_SWO.dll V3.0.8.0
Dialog DLL:      TCM.DLL V1.48.0.0
 
<h2>Project:</h2>
E:\Embedded systems\Project 2\IMU_test\MDK-ARM\IMU_test.uvprojx
Project File Date:  04/27/2021

<h2>Output:</h2>
*** Using Compiler 'V5.06 update 7 (build 960)', folder: 'C:\Keil_v5\ARM\ARMCC\Bin'
Build target 'IMU_test'
compiling main.c...
..\..\bno055_stm32-master\bno055.h(277): warning:  #1295-D: Deprecated declaration bno055_reset - give arg types
  void bno055_reset();
..\..\bno055_stm32-master\bno055.h(278): warning:  #1295-D: Deprecated declaration bno055_getOperationMode - give arg types
  bno055_opmode_t bno055_getOperationMode();
..\..\bno055_stm32-master\bno055.h(280): warning:  #1295-D: Deprecated declaration bno055_setOperationModeConfig - give arg types
  void bno055_setOperationModeConfig();
..\..\bno055_stm32-master\bno055.h(281): warning:  #1295-D: Deprecated declaration bno055_setOperationModeNDOF - give arg types
  void bno055_setOperationModeNDOF();
..\..\bno055_stm32-master\bno055.h(282): warning:  #1295-D: Deprecated declaration bno055_enableExternalCrystal - give arg types
  void bno055_enableExternalCrystal();
..\..\bno055_stm32-master\bno055.h(283): warning:  #1295-D: Deprecated declaration bno055_disableExternalCrystal - give arg types
  void bno055_disableExternalCrystal();
..\..\bno055_stm32-master\bno055.h(284): warning:  #1295-D: Deprecated declaration bno055_setup - give arg types
  void bno055_setup();
..\..\bno055_stm32-master\bno055.h(286): warning:  #1295-D: Deprecated declaration bno055_getTemp - give arg types
  int8_t bno055_getTemp();
..\..\bno055_stm32-master\bno055.h(288): warning:  #1295-D: Deprecated declaration bno055_getBootloaderRevision - give arg types
  uint8_t bno055_getBootloaderRevision();
..\..\bno055_stm32-master\bno055.h(289): warning:  #1295-D: Deprecated declaration bno055_getSystemStatus - give arg types
  uint8_t bno055_getSystemStatus();
..\..\bno055_stm32-master\bno055.h(290): warning:  #1295-D: Deprecated declaration bno055_getSystemError - give arg types
  uint8_t bno055_getSystemError();
..\..\bno055_stm32-master\bno055.h(291): warning:  #1295-D: Deprecated declaration bno055_getSWRevision - give arg types
  int16_t bno055_getSWRevision();
..\..\bno055_stm32-master\bno055.h(293): warning:  #1295-D: Deprecated declaration bno055_getSelfTestResult - give arg types
  bno055_self_test_result_t bno055_getSelfTestResult();
..\..\bno055_stm32-master\bno055.h(294): warning:  #1295-D: Deprecated declaration bno055_getCalibrationState - give arg types
  bno055_calibration_state_t bno055_getCalibrationState();
..\..\bno055_stm32-master\bno055.h(295): warning:  #1295-D: Deprecated declaration bno055_getCalibrationData - give arg types
  bno055_calibration_data_t bno055_getCalibrationData();
..\..\bno055_stm32-master\bno055.h(297): warning:  #1295-D: Deprecated declaration bno055_getVectorAccelerometer - give arg types
  bno055_vector_t bno055_getVectorAccelerometer();
..\..\bno055_stm32-master\bno055.h(298): warning:  #1295-D: Deprecated declaration bno055_getVectorMagnetometer - give arg types
  bno055_vector_t bno055_getVectorMagnetometer();
..\..\bno055_stm32-master\bno055.h(299): warning:  #1295-D: Deprecated declaration bno055_getVectorGyroscope - give arg types
  bno055_vector_t bno055_getVectorGyroscope();
..\..\bno055_stm32-master\bno055.h(300): warning:  #1295-D: Deprecated declaration bno055_getVectorEuler - give arg types
  bno055_vector_t bno055_getVectorEuler();
..\..\bno055_stm32-master\bno055.h(301): warning:  #1295-D: Deprecated declaration bno055_getVectorLinearAccel - give arg types
  bno055_vector_t bno055_getVectorLinearAccel();
..\..\bno055_stm32-master\bno055.h(302): warning:  #1295-D: Deprecated declaration bno055_getVectorGravity - give arg types
  bno055_vector_t bno055_getVectorGravity();
..\..\bno055_stm32-master\bno055.h(303): warning:  #1295-D: Deprecated declaration bno055_getVectorQuaternion - give arg types
  bno055_vector_t bno055_getVectorQuaternion();
../Core/Src/main.c: 22 warnings, 0 errors
linking...
Program Size: Code=12736 RO-data=500 RW-data=40 ZI-data=1232  
FromELF: creating hex file...
"IMU_test\IMU_test.axf" - 0 Error(s), 22 Warning(s).

<h2>Software Packages used:</h2>

Package Vendor: ARM
                http://www.keil.com/pack/ARM.CMSIS.5.7.0.pack
                ARM.CMSIS.5.7.0
                CMSIS (Cortex Microcontroller Software Interface Standard)
   * Component: CORE Version: 5.4.0

Package Vendor: Keil
                http://www.keil.com/pack/Keil.STM32L4xx_DFP.2.5.0.pack
                Keil.STM32L4xx_DFP.2.5.0
                STMicroelectronics STM32L4 Series Device Support, Drivers and Examples

<h2>Collection of Component include folders:</h2>
  .\RTE\_IMU_test
  C:\Users\Dell\AppData\Local\Arm\Packs\ARM\CMSIS\5.7.0\CMSIS\Core\Include
  C:\Users\Dell\AppData\Local\Arm\Packs\Keil\STM32L4xx_DFP\2.5.0\Drivers\CMSIS\Device\ST\STM32L4xx\Include

<h2>Collection of Component Files used:</h2>

   * Component: ARM::CMSIS:CORE:5.4.0
Build Time Elapsed:  00:00:04
</pre>
</body>
</html>
