Component: ARM Compiler 5.06 update 7 (build 960) Tool: armlink [4d3601]

==============================================================================

Section Cross References

    startup_stm32l432xx.o(RESET) refers to startup_stm32l432xx.o(STACK) for __initial_sp
    startup_stm32l432xx.o(RESET) refers to startup_stm32l432xx.o(.text) for Reset_Handler
    startup_stm32l432xx.o(RESET) refers to stm32l4xx_it.o(i.NMI_Handler) for NMI_Handler
    startup_stm32l432xx.o(RESET) refers to stm32l4xx_it.o(i.HardFault_Handler) for HardFault_Handler
    startup_stm32l432xx.o(RESET) refers to stm32l4xx_it.o(i.MemManage_Handler) for MemManage_Handler
    startup_stm32l432xx.o(RESET) refers to stm32l4xx_it.o(i.BusFault_Handler) for BusFault_Handler
    startup_stm32l432xx.o(RESET) refers to stm32l4xx_it.o(i.UsageFault_Handler) for UsageFault_Handler
    startup_stm32l432xx.o(RESET) refers to stm32l4xx_it.o(i.SVC_Handler) for SVC_Handler
    startup_stm32l432xx.o(RESET) refers to stm32l4xx_it.o(i.DebugMon_Handler) for DebugMon_Handler
    startup_stm32l432xx.o(RESET) refers to stm32l4xx_it.o(i.PendSV_Handler) for PendSV_Handler
    startup_stm32l432xx.o(RESET) refers to stm32l4xx_it.o(i.SysTick_Handler) for SysTick_Handler
    startup_stm32l432xx.o(.text) refers to system_stm32l4xx.o(i.SystemInit) for SystemInit
    startup_stm32l432xx.o(.text) refers to entry.o(.ARM.Collect$$$$00000000) for __main
    main.o(i.SystemClock_Config) refers to memseta.o(.text) for __aeabi_memclr4
    main.o(i.SystemClock_Config) refers to stm32l4xx_hal_pwr.o(i.HAL_PWR_EnableBkUpAccess) for HAL_PWR_EnableBkUpAccess
    main.o(i.SystemClock_Config) refers to stm32l4xx_hal_rcc.o(i.HAL_RCC_OscConfig) for HAL_RCC_OscConfig
    main.o(i.SystemClock_Config) refers to stm32l4xx_hal_rcc.o(i.HAL_RCC_ClockConfig) for HAL_RCC_ClockConfig
    main.o(i.SystemClock_Config) refers to stm32l4xx_hal_rcc_ex.o(i.HAL_RCCEx_PeriphCLKConfig) for HAL_RCCEx_PeriphCLKConfig
    main.o(i.SystemClock_Config) refers to stm32l4xx_hal_pwr_ex.o(i.HAL_PWREx_ControlVoltageScaling) for HAL_PWREx_ControlVoltageScaling
    main.o(i.SystemClock_Config) refers to stm32l4xx_hal_rcc_ex.o(i.HAL_RCCEx_EnableMSIPLLMode) for HAL_RCCEx_EnableMSIPLLMode
    main.o(i.bno055_assignI2C) refers to main.o(.data) for .data
    main.o(i.bno055_delay) refers to stm32l4xx_hal.o(i.HAL_Delay) for HAL_Delay
    main.o(i.bno055_readData) refers to stm32l4xx_hal_i2c.o(i.HAL_I2C_Master_Transmit) for HAL_I2C_Master_Transmit
    main.o(i.bno055_readData) refers to stm32l4xx_hal_i2c.o(i.HAL_I2C_Master_Receive) for HAL_I2C_Master_Receive
    main.o(i.bno055_readData) refers to main.o(.data) for .data
    main.o(i.bno055_writeData) refers to stm32l4xx_hal_i2c.o(i.HAL_I2C_Master_Transmit) for HAL_I2C_Master_Transmit
    main.o(i.bno055_writeData) refers to printfa.o(i.__0printf) for __2printf
    main.o(i.bno055_writeData) refers to stm32l4xx_hal_i2c.o(i.HAL_I2C_GetError) for HAL_I2C_GetError
    main.o(i.bno055_writeData) refers to stm32l4xx_hal_i2c.o(i.HAL_I2C_GetState) for HAL_I2C_GetState
    main.o(i.bno055_writeData) refers to main.o(.data) for .data
    main.o(i.main) refers to stm32l4xx_hal.o(i.HAL_Init) for HAL_Init
    main.o(i.main) refers to main.o(i.SystemClock_Config) for SystemClock_Config
    main.o(i.main) refers to gpio.o(i.MX_GPIO_Init) for MX_GPIO_Init
    main.o(i.main) refers to i2c.o(i.MX_I2C1_Init) for MX_I2C1_Init
    main.o(i.main) refers to usart.o(i.MX_USART2_UART_Init) for MX_USART2_UART_Init
    main.o(i.main) refers to bno055.o(i.bno055_setup) for bno055_setup
    main.o(i.main) refers to bno055.o(i.bno055_setOperationModeNDOF) for bno055_setOperationModeNDOF
    main.o(i.main) refers to bno055.o(i.bno055_getVectorEuler) for bno055_getVectorEuler
    main.o(i.main) refers to printfa.o(i.__0snprintf) for __2snprintf
    main.o(i.main) refers to stm32l4xx_hal_uart.o(i.HAL_UART_Transmit) for HAL_UART_Transmit
    main.o(i.main) refers to bno055.o(i.bno055_getVectorQuaternion) for bno055_getVectorQuaternion
    main.o(i.main) refers to stm32l4xx_hal.o(i.HAL_Delay) for HAL_Delay
    main.o(i.main) refers to i2c.o(.bss) for hi2c1
    main.o(i.main) refers to main.o(.data) for .data
    main.o(i.main) refers to usart.o(.bss) for huart2
    i2c.o(i.HAL_I2C_MspDeInit) refers to stm32l4xx_hal_gpio.o(i.HAL_GPIO_DeInit) for HAL_GPIO_DeInit
    i2c.o(i.HAL_I2C_MspInit) refers to memseta.o(.text) for __aeabi_memclr4
    i2c.o(i.HAL_I2C_MspInit) refers to stm32l4xx_hal_gpio.o(i.HAL_GPIO_Init) for HAL_GPIO_Init
    i2c.o(i.MX_I2C1_Init) refers to stm32l4xx_hal_i2c.o(i.HAL_I2C_Init) for HAL_I2C_Init
    i2c.o(i.MX_I2C1_Init) refers to main.o(i.Error_Handler) for Error_Handler
    i2c.o(i.MX_I2C1_Init) refers to stm32l4xx_hal_i2c_ex.o(i.HAL_I2CEx_ConfigAnalogFilter) for HAL_I2CEx_ConfigAnalogFilter
    i2c.o(i.MX_I2C1_Init) refers to stm32l4xx_hal_i2c_ex.o(i.HAL_I2CEx_ConfigDigitalFilter) for HAL_I2CEx_ConfigDigitalFilter
    i2c.o(i.MX_I2C1_Init) refers to i2c.o(.bss) for .bss
[...]
    Removing stm32l4xx_hal.o(.rev16_text), (4 bytes).
    Removing stm32l4xx_hal.o(.revsh_text), (4 bytes).
    Removing stm32l4xx_hal.o(.rrx_text), (6 bytes).
    Removing stm32l4xx_hal.o(i.HAL_DBGMCU_DisableDBGSleepMode), (16 bytes).
    Removing stm32l4xx_hal.o(i.HAL_DBGMCU_DisableDBGStandbyMode), (16 bytes).
    Removing stm32l4xx_hal.o(i.HAL_DBGMCU_DisableDBGStopMode), (16 bytes).
    Removing stm32l4xx_hal.o(i.HAL_DBGMCU_EnableDBGSleepMode), (16 bytes).
    Removing stm32l4xx_hal.o(i.HAL_DBGMCU_EnableDBGStandbyMode), (16 bytes).
    Removing stm32l4xx_hal.o(i.HAL_DBGMCU_EnableDBGStopMode), (16 bytes).
    Removing stm32l4xx_hal.o(i.HAL_DeInit), (48 bytes).
    Removing stm32l4xx_hal.o(i.HAL_GetDEVID), (16 bytes).
    Removing stm32l4xx_hal.o(i.HAL_GetHalVersion), (8 bytes).
    Removing stm32l4xx_hal.o(i.HAL_GetREVID), (12 bytes).
    Removing stm32l4xx_hal.o(i.HAL_GetTickFreq), (12 bytes).
    Removing stm32l4xx_hal.o(i.HAL_GetTickPrio), (12 bytes).
    Removing stm32l4xx_hal.o(i.HAL_GetUIDw0), (12 bytes).
    Removing stm32l4xx_hal.o(i.HAL_GetUIDw1), (12 bytes).
    Removing stm32l4xx_hal.o(i.HAL_GetUIDw2), (12 bytes).
    Removing stm32l4xx_hal.o(i.HAL_MspDeInit), (2 bytes).
    Removing stm32l4xx_hal.o(i.HAL_MspInit), (2 bytes).
    Removing stm32l4xx_hal.o(i.HAL_ResumeTick), (14 bytes).
    Removing stm32l4xx_hal.o(i.HAL_SYSCFG_DisableIOAnalogSwitchBooster), (16 bytes).
    Removing stm32l4xx_hal.o(i.HAL_SYSCFG_DisableMemorySwappingBank), (12 bytes).
    Removing stm32l4xx_hal.o(i.HAL_SYSCFG_EnableIOAnalogSwitchBooster), (16 bytes).
    Removing stm32l4xx_hal.o(i.HAL_SYSCFG_EnableMemorySwappingBank), (12 bytes).
    Removing stm32l4xx_hal.o(i.HAL_SYSCFG_SRAM2Erase), (28 bytes).
    Removing stm32l4xx_hal.o(i.HAL_SetTickFreq), (36 bytes).
    Removing stm32l4xx_hal.o(i.HAL_SuspendTick), (14 bytes).
    Removing stm32l4xx_hal_rcc.o(.rev16_text), (4 bytes).
    Removing stm32l4xx_hal_rcc.o(.revsh_text), (4 bytes).
    Removing stm32l4xx_hal_rcc.o(.rrx_text), (6 bytes).
    Removing stm32l4xx_hal_rcc.o(i.HAL_RCC_CSSCallback), (2 bytes).
    Removing stm32l4xx_hal_rcc.o(i.HAL_RCC_DeInit), (224 bytes).
    Removing stm32l4xx_hal_rcc.o(i.HAL_RCC_EnableCSS), (16 bytes).
    Removing stm32l4xx_hal_rcc.o(i.HAL_RCC_GetClockConfig), (64 bytes).
    Removing stm32l4xx_hal_rcc.o(i.HAL_RCC_GetHCLKFreq), (12 bytes).
    Removing stm32l4xx_hal_rcc.o(i.HAL_RCC_GetOscConfig), (228 bytes).
    Removing stm32l4xx_hal_rcc.o(i.HAL_RCC_MCOConfig), (72 bytes).
    Removing stm32l4xx_hal_rcc.o(i.HAL_RCC_NMI_IRQHandler), (24 bytes).
    Removing stm32l4xx_hal_rcc_ex.o(.rev16_text), (4 bytes).
    Removing stm32l4xx_hal_rcc_ex.o(.revsh_text), (4 bytes).
    Removing stm32l4xx_hal_rcc_ex.o(.rrx_text), (6 bytes).
    Removing stm32l4xx_hal_rcc_ex.o(i.HAL_RCCEx_CRSConfig), (76 bytes).
    Removing stm32l4xx_hal_rcc_ex.o(i.HAL_RCCEx_CRSGetSynchronizationInfo), (36 bytes).
    Removing stm32l4xx_hal_rcc_ex.o(i.HAL_RCCEx_CRSSoftwareSynchronizationGenerate), (16 bytes).
    Removing stm32l4xx_hal_rcc_ex.o(i.HAL_RCCEx_CRSWaitSynchronization), (132 bytes).
    Removing stm32l4xx_hal_rcc_ex.o(i.HAL_RCCEx_CRS_ErrorCallback), (2 bytes).
    Removing stm32l4xx_hal_rcc_ex.o(i.HAL_RCCEx_CRS_ExpectedSyncCallback), (2 bytes).
    Removing stm32l4xx_hal_rcc_ex.o(i.HAL_RCCEx_CRS_IRQHandler), (108 bytes).
    Removing stm32l4xx_hal_rcc_ex.o(i.HAL_RCCEx_CRS_SyncOkCallback), (2 bytes).
    Removing stm32l4xx_hal_rcc_ex.o(i.HAL_RCCEx_CRS_SyncWarnCallback), (2 bytes).
    Removing stm32l4xx_hal_rcc_ex.o(i.HAL_RCCEx_DisableLSCO), (88 bytes).
    Removing stm32l4xx_hal_rcc_ex.o(i.HAL_RCCEx_DisableLSECSS), (28 bytes).
    Removing stm32l4xx_hal_rcc_ex.o(i.HAL_RCCEx_DisableMSIPLLMode), (16 bytes).
    Removing stm32l4xx_hal_rcc_ex.o(i.HAL_RCCEx_DisablePLLSAI1), (80 bytes).
    Removing stm32l4xx_hal_rcc_ex.o(i.HAL_RCCEx_EnableLSCO), (140 bytes).
    Removing stm32l4xx_hal_rcc_ex.o(i.HAL_RCCEx_EnableLSECSS), (20 bytes).
    Removing stm32l4xx_hal_rcc_ex.o(i.HAL_RCCEx_EnableLSECSS_IT), (56 bytes).
    Removing stm32l4xx_hal_rcc_ex.o(i.HAL_RCCEx_EnablePLLSAI1), (156 bytes).
    Removing stm32l4xx_hal_rcc_ex.o(i.HAL_RCCEx_GetPeriphCLKConfig), (188 bytes).
    Removing stm32l4xx_hal_rcc_ex.o(i.HAL_RCCEx_GetPeriphCLKFreq), (802 bytes).
    Removing stm32l4xx_hal_rcc_ex.o(i.HAL_RCCEx_LSECSS_Callback), (2 bytes).
    Removing stm32l4xx_hal_rcc_ex.o(i.HAL_RCCEx_LSECSS_IRQHandler), (24 bytes).
    Removing stm32l4xx_hal_rcc_ex.o(i.HAL_RCCEx_StandbyMSIRangeConfig), (24 bytes).
    Removing stm32l4xx_hal_rcc_ex.o(i.HAL_RCCEx_WakeUpStopCLKConfig), (20 bytes).
    Removing stm32l4xx_hal_rcc_ex.o(i.RCCEx_GetSAIxPeriphCLKFreq), (168 bytes).
    Removing stm32l4xx_hal_flash.o(.rev16_text), (4 bytes).
    Removing stm32l4xx_hal_flash.o(.revsh_text), (4 bytes).
    Removing stm32l4xx_hal_flash.o(.rrx_text), (6 bytes).
    Removing stm32l4xx_hal_flash.o(i.FLASH_Program_DoubleWord), (28 bytes).
    Removing stm32l4xx_hal_flash.o(i.FLASH_Program_Fast), (44 bytes).
    Removing stm32l4xx_hal_flash.o(i.FLASH_WaitForLastOperation), (100 bytes).
    Removing stm32l4xx_hal_flash.o(i.HAL_FLASH_EndOfOperationCallback), (2 bytes).
    Removing stm32l4xx_hal_flash.o(i.HAL_FLASH_GetError), (12 bytes).
    Removing stm32l4xx_hal_flash.o(i.HAL_FLASH_IRQHandler), (232 bytes).
    Removing stm32l4xx_hal_flash.o(i.HAL_FLASH_Lock), (20 bytes).
    Removing stm32l4xx_hal_flash.o(i.HAL_FLASH_OB_Launch), (24 bytes).
    Removing stm32l4xx_hal_flash.o(i.HAL_FLASH_OB_Lock), (20 bytes).
    Removing stm32l4xx_hal_flash.o(i.HAL_FLASH_OB_Unlock), (36 bytes).
    Removing stm32l4xx_hal_flash.o(i.HAL_FLASH_OperationErrorCallback), (2 bytes).
    Removing stm32l4xx_hal_flash.o(i.HAL_FLASH_Program), (170 bytes).
    Removing stm32l4xx_hal_flash.o(i.HAL_FLASH_Program_IT), (120 bytes).
    Removing stm32l4xx_hal_flash.o(i.HAL_FLASH_Unlock), (40 bytes).
    Removing stm32l4xx_hal_flash.o(.data), (32 bytes).
    Removing stm32l4xx_hal_flash_ex.o(.rev16_text), (4 bytes).
    Removing stm32l4xx_hal_flash_ex.o(.revsh_text), (4 bytes).
    Removing stm32l4xx_hal_flash_ex.o(.rrx_text), (6 bytes).
    Removing stm32l4xx_hal_flash_ex.o(i.FLASH_FlushCaches), (84 bytes).
    Removing stm32l4xx_hal_flash_ex.o(i.FLASH_MassErase), (28 bytes).
    Removing stm32l4xx_hal_flash_ex.o(i.FLASH_OB_PCROPConfig), (104 bytes).
    Removing stm32l4xx_hal_flash_ex.o(i.FLASH_OB_UserConfig), (248 bytes).
    Removing stm32l4xx_hal_flash_ex.o(i.FLASH_PageErase), (40 bytes).
    Removing stm32l4xx_hal_flash_ex.o(i.HAL_FLASHEx_Erase), (230 bytes).
    Removing stm32l4xx_hal_flash_ex.o(i.HAL_FLASHEx_Erase_IT), (148 bytes).
    Removing stm32l4xx_hal_flash_ex.o(i.HAL_FLASHEx_OBGetConfig), (148 bytes).
    Removing stm32l4xx_hal_flash_ex.o(i.HAL_FLASHEx_OBProgram), (278 bytes).
    Removing stm32l4xx_hal_flash_ramfunc.o(.rev16_text), (4 bytes).
    Removing stm32l4xx_hal_flash_ramfunc.o(.revsh_text), (4 bytes).
    Removing stm32l4xx_hal_flash_ramfunc.o(.rrx_text), (6 bytes).
    Removing stm32l4xx_hal_flash_ramfunc.o(i.HAL_FLASHEx_DisableRunPowerDown), (36 bytes).
    Removing stm32l4xx_hal_flash_ramfunc.o(i.HAL_FLASHEx_EnableRunPowerDown), (36 bytes).
    Removing stm32l4xx_hal_gpio.o(.rev16_text), (4 bytes).
    Removing stm32l4xx_hal_gpio.o(.revsh_text), (4 bytes).
    Removing stm32l4xx_hal_gpio.o(.rrx_text), (6 bytes).
    Removing stm32l4xx_hal_gpio.o(i.HAL_GPIO_DeInit), (282 bytes).
    Removing stm32l4xx_hal_gpio.o(i.HAL_GPIO_EXTI_Callback), (2 bytes).
    Removing stm32l4xx_hal_gpio.o(i.HAL_GPIO_EXTI_IRQHandler), (24 bytes).
    Removing stm32l4xx_hal_gpio.o(i.HAL_GPIO_LockPin), (34 bytes).
    Removing stm32l4xx_hal_gpio.o(i.HAL_GPIO_ReadPin), (10 bytes).
    Removing stm32l4xx_hal_gpio.o(i.HAL_GPIO_TogglePin), (16 bytes).
    Removing stm32l4xx_hal_gpio.o(i.HAL_GPIO_WritePin), (10 bytes).
    Removing stm32l4xx_hal_dma.o(.rev16_text), (4 bytes).
    Removing stm32l4xx_hal_dma.o(.revsh_text), (4 bytes).
    Removing stm32l4xx_hal_dma.o(.rrx_text), (6 bytes).
    Removing stm32l4xx_hal_dma.o(i.DMA_SetConfig), (46 bytes).
    Removing stm32l4xx_hal_dma.o(i.HAL_DMA_Abort), (74 bytes).
    Removing stm32l4xx_hal_dma.o(i.HAL_DMA_Abort_IT), (78 bytes).
    Removing stm32l4xx_hal_dma.o(i.HAL_DMA_DeInit), (156 bytes).
    Removing stm32l4xx_hal_dma.o(i.HAL_DMA_GetError), (4 bytes).
    Removing stm32l4xx_hal_dma.o(i.HAL_DMA_GetState), (6 bytes).
    Removing stm32l4xx_hal_dma.o(i.HAL_DMA_IRQHandler), (186 bytes).
    Removing stm32l4xx_hal_dma.o(i.HAL_DMA_Init), (192 bytes).
    Removing stm32l4xx_hal_dma.o(i.HAL_DMA_PollForTransfer), (218 bytes).
    Removing stm32l4xx_hal_dma.o(i.HAL_DMA_RegisterCallback), (74 bytes).
    Removing stm32l4xx_hal_dma.o(i.HAL_DMA_Start), (80 bytes).
    Removing stm32l4xx_hal_dma.o(i.HAL_DMA_Start_IT), (112 bytes).
    Removing stm32l4xx_hal_dma.o(i.HAL_DMA_UnRegisterCallback), (82 bytes).
    Removing stm32l4xx_hal_dma_ex.o(.rev16_text), (4 bytes).
    Removing stm32l4xx_hal_dma_ex.o(.revsh_text), (4 bytes).
    Removing stm32l4xx_hal_dma_ex.o(.rrx_text), (6 bytes).
    Removing stm32l4xx_hal_pwr.o(.rev16_text), (4 bytes).
    Removing stm32l4xx_hal_pwr.o(.revsh_text), (4 bytes).
    Removing stm32l4xx_hal_pwr.o(.rrx_text), (6 bytes).
    Removing stm32l4xx_hal_pwr.o(i.HAL_PWR_ConfigPVD), (128 bytes).
    Removing stm32l4xx_hal_pwr.o(i.HAL_PWR_DeInit), (24 bytes).
    Removing stm32l4xx_hal_pwr.o(i.HAL_PWR_DisableBkUpAccess), (16 bytes).
    Removing stm32l4xx_hal_pwr.o(i.HAL_PWR_DisablePVD), (16 bytes).
    Removing stm32l4xx_hal_pwr.o(i.HAL_PWR_DisableSEVOnPend), (16 bytes).
    Removing stm32l4xx_hal_pwr.o(i.HAL_PWR_DisableSleepOnExit), (16 bytes).
    Removing stm32l4xx_hal_pwr.o(i.HAL_PWR_DisableWakeUpPin), (20 bytes).
    Removing stm32l4xx_hal_pwr.o(i.HAL_PWR_EnablePVD), (16 bytes).
    Removing stm32l4xx_hal_pwr.o(i.HAL_PWR_EnableSEVOnPend), (16 bytes).
    Removing stm32l4xx_hal_pwr.o(i.HAL_PWR_EnableSleepOnExit), (16 bytes).
    Removing stm32l4xx_hal_pwr.o(i.HAL_PWR_EnableWakeUpPin), (28 bytes).
    Removing stm32l4xx_hal_pwr.o(i.HAL_PWR_EnterSLEEPMode), (72 bytes).
    Removing stm32l4xx_hal_pwr.o(i.HAL_PWR_EnterSTANDBYMode), (36 bytes).
    Removing stm32l4xx_hal_pwr.o(i.HAL_PWR_EnterSTOPMode), (16 bytes).
    Removing stm32l4xx_hal_pwr.o(i.HAL_PWR_PVDCallback), (2 bytes).
    Removing stm32l4xx_hal_pwr_ex.o(.rev16_text), (4 bytes).
    Removing stm32l4xx_hal_pwr_ex.o(.revsh_text), (4 bytes).
    Removing stm32l4xx_hal_pwr_ex.o(.rrx_text), (6 bytes).
    Removing stm32l4xx_hal_pwr_ex.o(i.HAL_PWREx_ConfigPVM), (304 bytes).
    Removing stm32l4xx_hal_pwr_ex.o(i.HAL_PWREx_DisableBatteryCharging), (16 bytes).
    Removing stm32l4xx_hal_pwr_ex.o(i.HAL_PWREx_DisableGPIOPullDown), (76 bytes).
    Removing stm32l4xx_hal_pwr_ex.o(i.HAL_PWREx_DisableGPIOPullUp), (72 bytes).
    Removing stm32l4xx_hal_pwr_ex.o(i.HAL_PWREx_DisableInternalWakeUpLine), (16 bytes).
    Removing stm32l4xx_hal_pwr_ex.o(i.HAL_PWREx_DisableLowPowerRunMode), (68 bytes).
    Removing stm32l4xx_hal_pwr_ex.o(i.HAL_PWREx_DisablePVM1), (16 bytes).
    Removing stm32l4xx_hal_pwr_ex.o(i.HAL_PWREx_DisablePVM3), (16 bytes).
    Removing stm32l4xx_hal_pwr_ex.o(i.HAL_PWREx_DisablePVM4), (16 bytes).
    Removing stm32l4xx_hal_pwr_ex.o(i.HAL_PWREx_DisablePullUpPullDownConfig), (16 bytes).
    Removing stm32l4xx_hal_pwr_ex.o(i.HAL_PWREx_DisableSRAM2ContentRetention), (6 bytes).
    Removing stm32l4xx_hal_pwr_ex.o(i.HAL_PWREx_DisableVddUSB), (16 bytes).
    Removing stm32l4xx_hal_pwr_ex.o(i.HAL_PWREx_EnableBatteryCharging), (28 bytes).
    Removing stm32l4xx_hal_pwr_ex.o(i.HAL_PWREx_EnableGPIOPullDown), (104 bytes).
    Removing stm32l4xx_hal_pwr_ex.o(i.HAL_PWREx_EnableGPIOPullUp), (104 bytes).
    Removing stm32l4xx_hal_pwr_ex.o(i.HAL_PWREx_EnableInternalWakeUpLine), (16 bytes).
    Removing stm32l4xx_hal_pwr_ex.o(i.HAL_PWREx_EnableLowPowerRunMode), (16 bytes).
    Removing stm32l4xx_hal_pwr_ex.o(i.HAL_PWREx_EnablePVM1), (16 bytes).
    Removing stm32l4xx_hal_pwr_ex.o(i.HAL_PWREx_EnablePVM3), (16 bytes).
    Removing stm32l4xx_hal_pwr_ex.o(i.HAL_PWREx_EnablePVM4), (16 bytes).
    Removing stm32l4xx_hal_pwr_ex.o(i.HAL_PWREx_EnablePullUpPullDownConfig), (16 bytes).
    Removing stm32l4xx_hal_pwr_ex.o(i.HAL_PWREx_EnableSRAM2ContentRetention), (8 bytes).
    Removing stm32l4xx_hal_pwr_ex.o(i.HAL_PWREx_EnableVddUSB), (16 bytes).
    Removing stm32l4xx_hal_pwr_ex.o(i.HAL_PWREx_EnterSHUTDOWNMode), (36 bytes).
    Removing stm32l4xx_hal_pwr_ex.o(i.HAL_PWREx_EnterSTOP0Mode), (52 bytes).
    Removing stm32l4xx_hal_pwr_ex.o(i.HAL_PWREx_EnterSTOP1Mode), (56 bytes).
    Removing stm32l4xx_hal_pwr_ex.o(i.HAL_PWREx_EnterSTOP2Mode), (56 bytes).
    Removing stm32l4xx_hal_pwr_ex.o(i.HAL_PWREx_PVD_PVM_IRQHandler), (72 bytes).
    Removing stm32l4xx_hal_pwr_ex.o(i.HAL_PWREx_PVM1Callback), (2 bytes).
    Removing stm32l4xx_hal_pwr_ex.o(i.HAL_PWREx_PVM3Callback), (2 bytes).
    Removing stm32l4xx_hal_pwr_ex.o(i.HAL_PWREx_PVM4Callback), (2 bytes).
    Removing stm32l4xx_hal_pwr_ex.o(i.HAL_PWREx_SetSRAM2ContentRetention), (40 bytes).
    Removing stm32l4xx_hal_cortex.o(.rev16_text), (4 bytes).
    Removing stm32l4xx_hal_cortex.o(.revsh_text), (4 bytes).
    Removing stm32l4xx_hal_cortex.o(.rrx_text), (6 bytes).
    Removing stm32l4xx_hal_cortex.o(i.HAL_MPU_ConfigRegion), (84 bytes).
    Removing stm32l4xx_hal_cortex.o(i.HAL_MPU_Disable), (16 bytes).
    Removing stm32l4xx_hal_cortex.o(i.HAL_MPU_Enable), (24 bytes).
    Removing stm32l4xx_hal_cortex.o(i.HAL_NVIC_ClearPendingIRQ), (26 bytes).
    Removing stm32l4xx_hal_cortex.o(i.HAL_NVIC_DisableIRQ), (34 bytes).
    Removing stm32l4xx_hal_cortex.o(i.HAL_NVIC_EnableIRQ), (26 bytes).
    Removing stm32l4xx_hal_cortex.o(i.HAL_NVIC_GetActive), (36 bytes).
    Removing stm32l4xx_hal_cortex.o(i.HAL_NVIC_GetPendingIRQ), (36 bytes).
    Removing stm32l4xx_hal_cortex.o(i.HAL_NVIC_GetPriority), (82 bytes).
    Removing stm32l4xx_hal_cortex.o(i.HAL_NVIC_GetPriorityGrouping), (16 bytes).
    Removing stm32l4xx_hal_cortex.o(i.HAL_NVIC_SetPendingIRQ), (26 bytes).
    Removing stm32l4xx_hal_cortex.o(i.HAL_NVIC_SystemReset), (36 bytes).
    Removing stm32l4xx_hal_cortex.o(i.HAL_SYSTICK_CLKSourceConfig), (24 bytes).
    Removing stm32l4xx_hal_cortex.o(i.HAL_SYSTICK_Callback), (2 bytes).
    Removing stm32l4xx_hal_cortex.o(i.HAL_SYSTICK_IRQHandler), (8 bytes).
    Removing stm32l4xx_hal_exti.o(.rev16_text), (4 bytes).
    Removing stm32l4xx_hal_exti.o(.revsh_text), (4 bytes).
    Removing stm32l4xx_hal_exti.o(.rrx_text), (6 bytes).
    Removing stm32l4xx_hal_exti.o(i.HAL_EXTI_ClearConfigLine), (128 bytes).
    Removing stm32l4xx_hal_exti.o(i.HAL_EXTI_ClearPending), (28 bytes).
    Removing stm32l4xx_hal_exti.o(i.HAL_EXTI_GenerateSWI), (28 bytes).
    Removing stm32l4xx_hal_exti.o(i.HAL_EXTI_GetConfigLine), (172 bytes).
    Removing stm32l4xx_hal_exti.o(i.HAL_EXTI_GetHandle), (12 bytes).
    Removing stm32l4xx_hal_exti.o(i.HAL_EXTI_GetPending), (32 bytes).
    Removing stm32l4xx_hal_exti.o(i.HAL_EXTI_IRQHandler), (44 bytes).
    Removing stm32l4xx_hal_exti.o(i.HAL_EXTI_RegisterCallback), (14 bytes).
    Removing stm32l4xx_hal_exti.o(i.HAL_EXTI_SetConfigLine), (176 bytes).
    Removing stm32l4xx_hal_tim.o(.rev16_text), (4 bytes).
    Removing stm32l4xx_hal_tim.o(.revsh_text), (4 bytes).
    Removing stm32l4xx_hal_tim.o(.rrx_text), (6 bytes).
    Removing stm32l4xx_hal_tim_ex.o(.rev16_text), (4 bytes).
    Removing stm32l4xx_hal_tim_ex.o(.revsh_text), (4 bytes).
    Removing stm32l4xx_hal_tim_ex.o(.rrx_text), (6 bytes).
    Removing stm32l4xx_hal_uart.o(.rev16_text), (4 bytes).
    Removing stm32l4xx_hal_uart.o(.revsh_text), (4 bytes).
    Removing stm32l4xx_hal_uart.o(.rrx_text), (6 bytes).
    Removing stm32l4xx_hal_uart.o(i.HAL_HalfDuplex_EnableReceiver), (56 bytes).
    Removing stm32l4xx_hal_uart.o(i.HAL_HalfDuplex_EnableTransmitter), (56 bytes).
    Removing stm32l4xx_hal_uart.o(i.HAL_HalfDuplex_Init), (112 bytes).
    Removing stm32l4xx_hal_uart.o(i.HAL_LIN_Init), (136 bytes).
    Removing stm32l4xx_hal_uart.o(i.HAL_LIN_SendBreak), (46 bytes).
    Removing stm32l4xx_hal_uart.o(i.HAL_MultiProcessor_DisableMuteMode), (40 bytes).
    Removing stm32l4xx_hal_uart.o(i.HAL_MultiProcessor_EnableMuteMode), (40 bytes).
    Removing stm32l4xx_hal_uart.o(i.HAL_MultiProcessor_EnterMuteMode), (12 bytes).
    Removing stm32l4xx_hal_uart.o(i.HAL_MultiProcessor_Init), (134 bytes).
    Removing stm32l4xx_hal_uart.o(i.HAL_UARTEx_RxEventCallback), (2 bytes).
    Removing stm32l4xx_hal_uart.o(i.HAL_UART_Abort), (176 bytes).
    Removing stm32l4xx_hal_uart.o(i.HAL_UART_AbortCpltCallback), (2 bytes).
    Removing stm32l4xx_hal_uart.o(i.HAL_UART_AbortReceive), (124 bytes).
    Removing stm32l4xx_hal_uart.o(i.HAL_UART_AbortReceiveCpltCallback), (2 bytes).
    Removing stm32l4xx_hal_uart.o(i.HAL_UART_AbortReceive_IT), (140 bytes).
    Removing stm32l4xx_hal_uart.o(i.HAL_UART_AbortTransmit), (80 bytes).
    Removing stm32l4xx_hal_uart.o(i.HAL_UART_AbortTransmitCpltCallback), (2 bytes).
    Removing stm32l4xx_hal_uart.o(i.HAL_UART_AbortTransmit_IT), (84 bytes).
    Removing stm32l4xx_hal_uart.o(i.HAL_UART_Abort_IT), (212 bytes).
    Removing stm32l4xx_hal_uart.o(i.HAL_UART_DMAPause), (96 bytes).
    Removing stm32l4xx_hal_uart.o(i.HAL_UART_DMAResume), (88 bytes).
    Removing stm32l4xx_hal_uart.o(i.HAL_UART_DMAStop), (116 bytes).
    Removing stm32l4xx_hal_uart.o(i.HAL_UART_DeInit), (62 bytes).
    Removing stm32l4xx_hal_uart.o(i.HAL_UART_DisableReceiverTimeout), (64 bytes).
    Removing stm32l4xx_hal_uart.o(i.HAL_UART_EnableReceiverTimeout), (64 bytes).
    Removing stm32l4xx_hal_uart.o(i.HAL_UART_ErrorCallback), (2 bytes).
    Removing stm32l4xx_hal_uart.o(i.HAL_UART_GetError), (6 bytes).
    Removing stm32l4xx_hal_uart.o(i.HAL_UART_GetState), (10 bytes).
    Removing stm32l4xx_hal_uart.o(i.HAL_UART_IRQHandler), (572 bytes).
    Removing stm32l4xx_hal_uart.o(i.HAL_UART_MspDeInit), (2 bytes).
    Removing stm32l4xx_hal_uart.o(i.HAL_UART_MspInit), (2 bytes).
    Removing stm32l4xx_hal_uart.o(i.HAL_UART_Receive), (254 bytes).
    Removing stm32l4xx_hal_uart.o(i.HAL_UART_Receive_DMA), (72 bytes).
    Removing stm32l4xx_hal_uart.o(i.HAL_UART_Receive_IT), (72 bytes).
    Removing stm32l4xx_hal_uart.o(i.HAL_UART_ReceiverTimeout_Config), (24 bytes).
    Removing stm32l4xx_hal_uart.o(i.HAL_UART_RxCpltCallback), (2 bytes).
    Removing stm32l4xx_hal_uart.o(i.HAL_UART_RxHalfCpltCallback), (2 bytes).
    Removing stm32l4xx_hal_uart.o(i.HAL_UART_Transmit_DMA), (148 bytes).
    Removing stm32l4xx_hal_uart.o(i.HAL_UART_Transmit_IT), (104 bytes).
    Removing stm32l4xx_hal_uart.o(i.HAL_UART_TxCpltCallback), (2 bytes).
    Removing stm32l4xx_hal_uart.o(i.HAL_UART_TxHalfCpltCallback), (2 bytes).
    Removing stm32l4xx_hal_uart.o(i.UART_DMAAbortOnError), (20 bytes).
    Removing stm32l4xx_hal_uart.o(i.UART_DMAError), (76 bytes).
    Removing stm32l4xx_hal_uart.o(i.UART_DMAReceiveCplt), (92 bytes).
    Removing stm32l4xx_hal_uart.o(i.UART_DMARxAbortCallback), (62 bytes).
    Removing stm32l4xx_hal_uart.o(i.UART_DMARxHalfCplt), (28 bytes).
    Removing stm32l4xx_hal_uart.o(i.UART_DMARxOnlyAbortCallback), (38 bytes).
    Removing stm32l4xx_hal_uart.o(i.UART_DMATransmitCplt), (48 bytes).
    Removing stm32l4xx_hal_uart.o(i.UART_DMATxAbortCallback), (52 bytes).
    Removing stm32l4xx_hal_uart.o(i.UART_DMATxHalfCplt), (10 bytes).
    Removing stm32l4xx_hal_uart.o(i.UART_DMATxOnlyAbortCallback), (20 bytes).
    Removing stm32l4xx_hal_uart.o(i.UART_EndRxTransfer), (48 bytes).
    Removing stm32l4xx_hal_uart.o(i.UART_EndTxTransfer), (16 bytes).
    Removing stm32l4xx_hal_uart.o(i.UART_RxISR_16BIT), (124 bytes).
    Removing stm32l4xx_hal_uart.o(i.UART_RxISR_8BIT), (124 bytes).
    Removing stm32l4xx_hal_uart.o(i.UART_Start_Receive_DMA), (132 bytes).
    Removing stm32l4xx_hal_uart.o(i.UART_Start_Receive_IT), (144 bytes).
    Removing stm32l4xx_hal_uart.o(i.UART_TxISR_16BIT), (64 bytes).
    Removing stm32l4xx_hal_uart.o(i.UART_TxISR_8BIT), (60 bytes).
    Removing stm32l4xx_hal_uart_ex.o(.rev16_text), (4 bytes).
    Removing stm32l4xx_hal_uart_ex.o(.revsh_text), (4 bytes).
    Removing stm32l4xx_hal_uart_ex.o(.rrx_text), (6 bytes).
    Removing stm32l4xx_hal_uart_ex.o(i.HAL_MultiProcessorEx_AddressLength_Set), (46 bytes).
    Removing stm32l4xx_hal_uart_ex.o(i.HAL_RS485Ex_Init), (136 bytes).
    Removing stm32l4xx_hal_uart_ex.o(i.HAL_UARTEx_DisableClockStopMode), (38 bytes).
    Removing stm32l4xx_hal_uart_ex.o(i.HAL_UARTEx_DisableStopMode), (38 bytes).
    Removing stm32l4xx_hal_uart_ex.o(i.HAL_UARTEx_EnableClockStopMode), (38 bytes).
    Removing stm32l4xx_hal_uart_ex.o(i.HAL_UARTEx_EnableStopMode), (38 bytes).
    Removing stm32l4xx_hal_uart_ex.o(i.HAL_UARTEx_ReceiveToIdle), (310 bytes).
    Removing stm32l4xx_hal_uart_ex.o(i.HAL_UARTEx_ReceiveToIdle_DMA), (72 bytes).
    Removing stm32l4xx_hal_uart_ex.o(i.HAL_UARTEx_ReceiveToIdle_IT), (72 bytes).
    Removing stm32l4xx_hal_uart_ex.o(i.HAL_UARTEx_StopModeWakeUpSourceConfig), (134 bytes).
    Removing stm32l4xx_hal_uart_ex.o(i.HAL_UARTEx_WakeupCallback), (2 bytes).
    Removing system_stm32l4xx.o(.rev16_text), (4 bytes).
    Removing system_stm32l4xx.o(.revsh_text), (4 bytes).
    Removing system_stm32l4xx.o(.rrx_text), (6 bytes).
    Removing system_stm32l4xx.o(i.SystemCoreClockUpdate), (168 bytes).

420 unused section(s) (total 27189 bytes) removed from the image.

==============================================================================

Image Symbol Table

    Local Symbols

    Symbol Name                              Value     Ov Type        Size  Object(Section)

    ../Core/Src/gpio.c                       0x00000000   Number         0  gpio.o ABSOLUTE
    ../Core/Src/i2c.c                        0x00000000   Number         0  i2c.o ABSOLUTE
    ../Core/Src/main.c                       0x00000000   Number         0  main.o ABSOLUTE
    ../Core/Src/stm32l4xx_hal_msp.c          0x00000000   Number         0  stm32l4xx_hal_msp.o ABSOLUTE
    ../Core/Src/stm32l4xx_it.c               0x00000000   Number         0  stm32l4xx_it.o ABSOLUTE
    ../Core/Src/system_stm32l4xx.c           0x00000000   Number         0  system_stm32l4xx.o ABSOLUTE
    ../Core/Src/usart.c                      0x00000000   Number         0  usart.o ABSOLUTE
    ../Drivers/STM32L4xx_HAL_Driver/Src/stm32l4xx_hal.c 0x00000000   Number         0  stm32l4xx_hal.o ABSOLUTE
    ../Drivers/STM32L4xx_HAL_Driver/Src/stm32l4xx_hal_cortex.c 0x00000000   Number         0  stm32l4xx_hal_cortex.o ABSOLUTE
    ../Drivers/STM32L4xx_HAL_Driver/Src/stm32l4xx_hal_dma.c 0x00000000   Number         0  stm32l4xx_hal_dma.o ABSOLUTE
    ../Drivers/STM32L4xx_HAL_Driver/Src/stm32l4xx_hal_dma_ex.c 0x00000000   Number         0  stm32l4xx_hal_dma_ex.o ABSOLUTE
    ../Drivers/STM32L4xx_HAL_Driver/Src/stm32l4xx_hal_exti.c 0x00000000   Number         0  stm32l4xx_hal_exti.o ABSOLUTE
    ../Drivers/STM32L4xx_HAL_Driver/Src/stm32l4xx_hal_flash.c 0x00000000   Number         0  stm32l4xx_hal_flash.o ABSOLUTE
    ../Drivers/STM32L4xx_HAL_Driver/Src/stm32l4xx_hal_flash_ex.c 0x00000000   Number         0  stm32l4xx_hal_flash_ex.o ABSOLUTE
    ../Drivers/STM32L4xx_HAL_Driver/Src/stm32l4xx_hal_flash_ramfunc.c 0x00000000   Number         0  stm32l4xx_hal_flash_ramfunc.o ABSOLUTE
    ../Drivers/STM32L4xx_HAL_Driver/Src/stm32l4xx_hal_gpio.c 0x00000000   Number         0  stm32l4xx_hal_gpio.o ABSOLUTE
    ../Drivers/STM32L4xx_HAL_Driver/Src/stm32l4xx_hal_i2c.c 0x00000000   Number         0  stm32l4xx_hal_i2c.o ABSOLUTE
    ../Drivers/STM32L4xx_HAL_Driver/Src/stm32l4xx_hal_i2c_ex.c 0x00000000   Number         0  stm32l4xx_hal_i2c_ex.o ABSOLUTE
    ../Drivers/STM32L4xx_HAL_Driver/Src/stm32l4xx_hal_pwr.c 0x00000000   Number         0  stm32l4xx_hal_pwr.o ABSOLUTE
    ../Drivers/STM32L4xx_HAL_Driver/Src/stm32l4xx_hal_pwr_ex.c 0x00000000   Number         0  stm32l4xx_hal_pwr_ex.o ABSOLUTE
    ../Drivers/STM32L4xx_HAL_Driver/Src/stm32l4xx_hal_rcc.c 0x00000000   Number         0  stm32l4xx_hal_rcc.o ABSOLUTE
    ../Drivers/STM32L4xx_HAL_Driver/Src/stm32l4xx_hal_rcc_ex.c 0x00000000   Number         0  stm32l4xx_hal_rcc_ex.o ABSOLUTE
    ../Drivers/STM32L4xx_HAL_Driver/Src/stm32l4xx_hal_tim.c 0x00000000   Number         0  stm32l4xx_hal_tim.o ABSOLUTE
    ../Drivers/STM32L4xx_HAL_Driver/Src/stm32l4xx_hal_tim_ex.c 0x00000000   Number         0  stm32l4xx_hal_tim_ex.o ABSOLUTE
    ../Drivers/STM32L4xx_HAL_Driver/Src/stm32l4xx_hal_uart.c 0x00000000   Number         0  stm32l4xx_hal_uart.o ABSOLUTE
    ../Drivers/STM32L4xx_HAL_Driver/Src/stm32l4xx_hal_uart_ex.c 0x00000000   Number         0  stm32l4xx_hal_uart_ex.o ABSOLUTE
    ../clib/microlib/division.c              0x00000000   Number         0  uldiv.o ABSOLUTE
    ../clib/microlib/division.c              0x00000000   Number         0  uidiv.o ABSOLUTE
    ../clib/microlib/init/entry.s            0x00000000   Number         0  entry11a.o ABSOLUTE
    ../clib/microlib/init/entry.s            0x00000000   Number         0  entry10b.o ABSOLUTE
    ../clib/microlib/init/entry.s            0x00000000   Number         0  entry10a.o ABSOLUTE
    ../clib/microlib/init/entry.s            0x00000000   Number         0  entry9b.o ABSOLUTE
    ../clib/microlib/init/entry.s            0x00000000   Number         0  entry12a.o ABSOLUTE
    ../clib/microlib/init/entry.s            0x00000000   Number         0  entry9a.o ABSOLUTE
    ../clib/microlib/init/entry.s            0x00000000   Number         0  entry8b.o ABSOLUTE
    ../clib/microlib/init/entry.s            0x00000000   Number         0  entry11b.o ABSOLUTE
    ../clib/microlib/init/entry.s            0x00000000   Number         0  entry5.o ABSOLUTE
    ../clib/microlib/init/entry.s            0x00000000   Number         0  entry8a.o ABSOLUTE
    ../clib/microlib/init/entry.s            0x00000000   Number         0  entry7a.o ABSOLUTE
    ../clib/microlib/init/entry.s            0x00000000   Number         0  entry2.o ABSOLUTE
    ../clib/microlib/init/entry.s            0x00000000   Number         0  entry7b.o ABSOLUTE
    ../clib/microlib/init/entry.s            0x00000000   Number         0  entry.o ABSOLUTE
    ../clib/microlib/init/entry.s            0x00000000   Number         0  entry12b.o ABSOLUTE
    ../clib/microlib/longlong.c              0x00000000   Number         0  llsshr.o ABSOLUTE
    ../clib/microlib/longlong.c              0x00000000   Number         0  llshl.o ABSOLUTE
    ../clib/microlib/longlong.c              0x00000000   Number         0  llushr.o ABSOLUTE
    ../clib/microlib/printf/printf.c         0x00000000   Number         0  printf3.o ABSOLUTE
    ../clib/microlib/printf/printf.c         0x00000000   Number         0  printfa.o ABSOLUTE
    ../clib/microlib/printf/printf.c         0x00000000   Number         0  printf8.o ABSOLUTE
    ../clib/microlib/printf/printf.c         0x00000000   Number         0  printf7.o ABSOLUTE
    ../clib/microlib/printf/printf.c         0x00000000   Number         0  printf0.o ABSOLUTE
    ../clib/microlib/printf/printf.c         0x00000000   Number         0  printf1.o ABSOLUTE
    ../clib/microlib/printf/printf.c         0x00000000   Number         0  printfb.o ABSOLUTE
    ../clib/microlib/printf/printf.c         0x00000000   Number         0  printf5.o ABSOLUTE
    ../clib/microlib/printf/printf.c         0x00000000   Number         0  printf2.o ABSOLUTE
    ../clib/microlib/printf/printf.c         0x00000000   Number         0  printf4.o ABSOLUTE
    ../clib/microlib/printf/printf.c         0x00000000   Number         0  printf6.o ABSOLUTE
    ../clib/microlib/printf/stubs.s          0x00000000   Number         0  stubs.o ABSOLUTE
    ../clib/microlib/stdio/fputc.c           0x00000000   Number         0  fputc.o ABSOLUTE
    ../clib/microlib/stdio/semi.s            0x00000000   Number         0  semi.o ABSOLUTE
    ../clib/microlib/stdio/streams.c         0x00000000   Number         0  stdout.o ABSOLUTE
    ../clib/microlib/string/memcpy.c         0x00000000   Number         0  memcpyb.o ABSOLUTE
    ../clib/microlib/string/memcpy.c         0x00000000   Number         0  memcpya.o ABSOLUTE
    ../clib/microlib/string/memset.c         0x00000000   Number         0  memseta.o ABSOLUTE
    ../clib/microlib/stubs.s                 0x00000000   Number         0  iusesemip.o ABSOLUTE
    ../clib/microlib/stubs.s                 0x00000000   Number         0  iusefp.o ABSOLUTE
    ../fplib/microlib/fpadd.c                0x00000000   Number         0  dadd.o ABSOLUTE
    ../fplib/microlib/fpdiv.c                0x00000000   Number         0  ddiv.o ABSOLUTE
    ../fplib/microlib/fpepilogue.c           0x00000000   Number         0  depilogue.o ABSOLUTE
    ../fplib/microlib/fpfix.c                0x00000000   Number         0  dfixul.o ABSOLUTE
    ../fplib/microlib/fpflt.c                0x00000000   Number         0  dfltui.o ABSOLUTE
    ../fplib/microlib/fpflt.c                0x00000000   Number         0  dflti.o ABSOLUTE
    ../fplib/microlib/fpmul.c                0x00000000   Number         0  dmul.o ABSOLUTE
    ..\..\bno055_stm32-master\bno055.c       0x00000000   Number         0  bno055.o ABSOLUTE
    ..\Core\Src\gpio.c                       0x00000000   Number         0  gpio.o ABSOLUTE
    ..\Core\Src\i2c.c                        0x00000000   Number         0  i2c.o ABSOLUTE
    ..\Core\Src\main.c                       0x00000000   Number         0  main.o ABSOLUTE
    ..\Core\Src\stm32l4xx_hal_msp.c          0x00000000   Number         0  stm32l4xx_hal_msp.o ABSOLUTE
    ..\Core\Src\stm32l4xx_it.c               0x00000000   Number         0  stm32l4xx_it.o ABSOLUTE
    ..\Core\Src\system_stm32l4xx.c           0x00000000   Number         0  system_stm32l4xx.o ABSOLUTE
    ..\Core\Src\usart.c                      0x00000000   Number         0  usart.o ABSOLUTE
    ..\Drivers\STM32L4xx_HAL_Driver\Src\stm32l4xx_hal.c 0x00000000   Number         0  stm32l4xx_hal.o ABSOLUTE
    ..\Drivers\STM32L4xx_HAL_Driver\Src\stm32l4xx_hal_cortex.c 0x00000000   Number         0  stm32l4xx_hal_cortex.o ABSOLUTE
    ..\Drivers\STM32L4xx_HAL_Driver\Src\stm32l4xx_hal_dma.c 0x00000000   Number         0  stm32l4xx_hal_dma.o ABSOLUTE
    ..\Drivers\STM32L4xx_HAL_Driver\Src\stm32l4xx_hal_dma_ex.c 0x00000000   Number         0  stm32l4xx_hal_dma_ex.o ABSOLUTE
    ..\Drivers\STM32L4xx_HAL_Driver\Src\stm32l4xx_hal_exti.c 0x00000000   Number         0  stm32l4xx_hal_exti.o ABSOLUTE
    ..\Drivers\STM32L4xx_HAL_Driver\Src\stm32l4xx_hal_flash.c 0x00000000   Number         0  stm32l4xx_hal_flash.o ABSOLUTE
    ..\Drivers\STM32L4xx_HAL_Driver\Src\stm32l4xx_hal_flash_ex.c 0x00000000   Number         0  stm32l4xx_hal_flash_ex.o ABSOLUTE
    ..\Drivers\STM32L4xx_HAL_Driver\Src\stm32l4xx_hal_flash_ramfunc.c 0x00000000   Number         0  stm32l4xx_hal_flash_ramfunc.o ABSOLUTE
    ..\Drivers\STM32L4xx_HAL_Driver\Src\stm32l4xx_hal_gpio.c 0x00000000   Number         0  stm32l4xx_hal_gpio.o ABSOLUTE
    ..\Drivers\STM32L4xx_HAL_Driver\Src\stm32l4xx_hal_i2c.c 0x00000000   Number         0  stm32l4xx_hal_i2c.o ABSOLUTE
    ..\Drivers\STM32L4xx_HAL_Driver\Src\stm32l4xx_hal_i2c_ex.c 0x00000000   Number         0  stm32l4xx_hal_i2c_ex.o ABSOLUTE
    ..\Drivers\STM32L4xx_HAL_Driver\Src\stm32l4xx_hal_pwr.c 0x00000000   Number         0  stm32l4xx_hal_pwr.o ABSOLUTE
    ..\Drivers\STM32L4xx_HAL_Driver\Src\stm32l4xx_hal_pwr_ex.c 0x00000000   Number         0  stm32l4xx_hal_pwr_ex.o ABSOLUTE
    ..\Drivers\STM32L4xx_HAL_Driver\Src\stm32l4xx_hal_rcc.c 0x00000000   Number         0  stm32l4xx_hal_rcc.o ABSOLUTE
    ..\Drivers\STM32L4xx_HAL_Driver\Src\stm32l4xx_hal_rcc_ex.c 0x00000000   Number         0  stm32l4xx_hal_rcc_ex.o ABSOLUTE
    ..\Drivers\STM32L4xx_HAL_Driver\Src\stm32l4xx_hal_tim.c 0x00000000   Number         0  stm32l4xx_hal_tim.o ABSOLUTE
    ..\Drivers\STM32L4xx_HAL_Driver\Src\stm32l4xx_hal_tim_ex.c 0x00000000   Number         0  stm32l4xx_hal_tim_ex.o ABSOLUTE
    ..\Drivers\STM32L4xx_HAL_Driver\Src\stm32l4xx_hal_uart.c 0x00000000   Number         0  stm32l4xx_hal_uart.o ABSOLUTE
    ..\Drivers\STM32L4xx_HAL_Driver\Src\stm32l4xx_hal_uart_ex.c 0x00000000   Number         0  stm32l4xx_hal_uart_ex.o ABSOLUTE
    cdrcmple.s                               0x00000000   Number         0  cdrcmple.o ABSOLUTE
    dc.s                                     0x00000000   Number         0  dc.o ABSOLUTE
    handlers.s                               0x00000000   Number         0  handlers.o ABSOLUTE
    init.s                                   0x00000000   Number         0  init.o ABSOLUTE
    startup_stm32l432xx.s                    0x00000000   Number         0  startup_stm32l432xx.o ABSOLUTE
    RESET                                    0x08000000   Section      396  startup_stm32l432xx.o(RESET)
    .ARM.Collect$$$$00000000                 0x0800018c   Section        0  entry.o(.ARM.Collect$$$$00000000)
    .ARM.Collect$$$$00000001                 0x0800018c   Section        4  entry2.o(.ARM.Collect$$$$00000001)
    .ARM.Collect$$$$00000004                 0x08000190   Section        4  entry5.o(.ARM.Collect$$$$00000004)
    .ARM.Collect$$$$00000008                 0x08000194   Section        0  entry7b.o(.ARM.Collect$$$$00000008)
    .ARM.Collect$$$$0000000A                 0x08000194   Section        0  entry8b.o(.ARM.Collect$$$$0000000A)
    .ARM.Collect$$$$0000000B                 0x08000194   Section        8  entry9a.o(.ARM.Collect$$$$0000000B)
    .ARM.Collect$$$$0000000E                 0x0800019c   Section        4  entry12b.o(.ARM.Collect$$$$0000000E)
    .ARM.Collect$$$$0000000F                 0x080001a0   Section        0  entry10a.o(.ARM.Collect$$$$0000000F)
    .ARM.Collect$$$$00000011                 0x080001a0   Section        0  entry11a.o(.ARM.Collect$$$$00000011)
    .ARM.Collect$$$$00002712                 0x080001a0   Section        4  entry2.o(.ARM.Collect$$$$00002712)
    __lit__00000000                          0x080001a0   Data           4  entry2.o(.ARM.Collect$$$$00002712)
    .text                                    0x080001a4   Section       36  startup_stm32l432xx.o(.text)
    $v0                                      0x080001a4   Number         0  startup_stm32l432xx.o(.text)
    .text                                    0x080001c8   Section        0  uldiv.o(.text)
    .text                                    0x08000230   Section        0  memseta.o(.text)
    .text                                    0x08000254   Section        0  ddiv.o(.text)
    .text                                    0x08000332   Section        0  dflti.o(.text)
    .text                                    0x08000354   Section        0  dfltui.o(.text)
    .text                                    0x0800036e   Section        0  uidiv.o(.text)
    .text                                    0x0800039a   Section        0  llshl.o(.text)
    .text                                    0x080003b8   Section        0  llushr.o(.text)
    .text                                    0x080003d8   Section        0  depilogue.o(.text)
    .text                                    0x080003d8   Section        0  iusefp.o(.text)
    .text                                    0x08000492   Section        0  dadd.o(.text)
    .text                                    0x080005f0   Section        0  dmul.o(.text)
    .text                                    0x080006da   Section        0  dfixul.o(.text)
    .text                                    0x0800070c   Section       48  cdrcmple.o(.text)
    .text                                    0x0800073c   Section       36  init.o(.text)
    .text                                    0x08000760   Section        0  semi.o(.text)
    .text                                    0x08000760   Section        0  llsshr.o(.text)
    .text                                    0x08000784   Section        0  iusesemip.o(.text)
    i.BusFault_Handler                       0x08000784   Section        0  stm32l4xx_it.o(i.BusFault_Handler)
    i.DebugMon_Handler                       0x08000786   Section        0  stm32l4xx_it.o(i.DebugMon_Handler)
    i.Error_Handler                          0x08000788   Section        0  main.o(i.Error_Handler)
    i.HAL_Delay                              0x0800078c   Section        0  stm32l4xx_hal.o(i.HAL_Delay)
    i.HAL_GPIO_Init                          0x080007b0   Section        0  stm32l4xx_hal_gpio.o(i.HAL_GPIO_Init)
    i.HAL_GetTick                            0x08000954   Section        0  stm32l4xx_hal.o(i.HAL_GetTick)
    i.HAL_I2CEx_ConfigAnalogFilter           0x08000960   Section        0  stm32l4xx_hal_i2c_ex.o(i.HAL_I2CEx_ConfigAnalogFilter)
    i.HAL_I2CEx_ConfigDigitalFilter          0x080009b6   Section        0  stm32l4xx_hal_i2c_ex.o(i.HAL_I2CEx_ConfigDigitalFilter)
    i.HAL_I2C_GetError                       0x08000a08   Section        0  stm32l4xx_hal_i2c.o(i.HAL_I2C_GetError)
    i.HAL_I2C_GetState                       0x08000a0c   Section        0  stm32l4xx_hal_i2c.o(i.HAL_I2C_GetState)
    i.HAL_I2C_Init                           0x08000a14   Section        0  stm32l4xx_hal_i2c.o(i.HAL_I2C_Init)
    i.HAL_I2C_Master_Receive                 0x08000acc   Section        0  stm32l4xx_hal_i2c.o(i.HAL_I2C_Master_Receive)
    i.HAL_I2C_Master_Transmit                0x08000bf8   Section        0  stm32l4xx_hal_i2c.o(i.HAL_I2C_Master_Transmit)
    i.HAL_I2C_MspInit                        0x08000d24   Section        0  i2c.o(i.HAL_I2C_MspInit)
    i.HAL_IncTick                            0x08000d88   Section        0  stm32l4xx_hal.o(i.HAL_IncTick)
    i.HAL_Init                               0x08000d98   Section        0  stm32l4xx_hal.o(i.HAL_Init)
    i.HAL_InitTick                           0x08000db8   Section        0  stm32l4xx_hal.o(i.HAL_InitTick)
    i.HAL_MspInit                            0x08000dfc   Section        0  stm32l4xx_hal_msp.o(i.HAL_MspInit)
    i.HAL_NVIC_SetPriority                   0x08000e28   Section        0  stm32l4xx_hal_cortex.o(i.HAL_NVIC_SetPriority)
    i.HAL_NVIC_SetPriorityGrouping           0x08000e68   Section        0  stm32l4xx_hal_cortex.o(i.HAL_NVIC_SetPriorityGrouping)
    i.HAL_PWREx_ControlVoltageScaling        0x08000e8c   Section        0  stm32l4xx_hal_pwr_ex.o(i.HAL_PWREx_ControlVoltageScaling)
    i.HAL_PWREx_GetVoltageRange              0x08000ef4   Section        0  stm32l4xx_hal_pwr_ex.o(i.HAL_PWREx_GetVoltageRange)
    i.HAL_PWR_EnableBkUpAccess               0x08000f04   Section        0  stm32l4xx_hal_pwr.o(i.HAL_PWR_EnableBkUpAccess)
    i.HAL_RCCEx_EnableMSIPLLMode             0x08000f14   Section        0  stm32l4xx_hal_rcc_ex.o(i.HAL_RCCEx_EnableMSIPLLMode)
    i.HAL_RCCEx_PeriphCLKConfig              0x08000f24   Section        0  stm32l4xx_hal_rcc_ex.o(i.HAL_RCCEx_PeriphCLKConfig)
    i.HAL_RCC_ClockConfig                    0x080011b0   Section        0  stm32l4xx_hal_rcc.o(i.HAL_RCC_ClockConfig)
    i.HAL_RCC_GetPCLK1Freq                   0x080012d0   Section        0  stm32l4xx_hal_rcc.o(i.HAL_RCC_GetPCLK1Freq)
    i.HAL_RCC_GetPCLK2Freq                   0x080012f4   Section        0  stm32l4xx_hal_rcc.o(i.HAL_RCC_GetPCLK2Freq)
    i.HAL_RCC_GetSysClockFreq                0x08001318   Section        0  stm32l4xx_hal_rcc.o(i.HAL_RCC_GetSysClockFreq)
    i.HAL_RCC_OscConfig                      0x080013bc   Section        0  stm32l4xx_hal_rcc.o(i.HAL_RCC_OscConfig)
    i.HAL_SYSTICK_Config                     0x08001928   Section        0  stm32l4xx_hal_cortex.o(i.HAL_SYSTICK_Config)
    i.HAL_UART_Init                          0x08001950   Section        0  stm32l4xx_hal_uart.o(i.HAL_UART_Init)
    i.HAL_UART_MspInit                       0x080019b8   Section        0  usart.o(i.HAL_UART_MspInit)
    i.HAL_UART_Transmit                      0x08001a1c   Section        0  stm32l4xx_hal_uart.o(i.HAL_UART_Transmit)
    i.HardFault_Handler                      0x08001ad2   Section        0  stm32l4xx_it.o(i.HardFault_Handler)
    i.I2C_Flush_TXDR                         0x08001ad4   Section        0  stm32l4xx_hal_i2c.o(i.I2C_Flush_TXDR)
    I2C_Flush_TXDR                           0x08001ad5   Thumb Code    34  stm32l4xx_hal_i2c.o(i.I2C_Flush_TXDR)
    i.I2C_IsAcknowledgeFailed                0x08001af8   Section        0  stm32l4xx_hal_i2c.o(i.I2C_IsAcknowledgeFailed)
    I2C_IsAcknowledgeFailed                  0x08001af9   Thumb Code   128  stm32l4xx_hal_i2c.o(i.I2C_IsAcknowledgeFailed)
    i.I2C_TransferConfig                     0x08001b7c   Section        0  stm32l4xx_hal_i2c.o(i.I2C_TransferConfig)
    I2C_TransferConfig                       0x08001b7d   Thumb Code    40  stm32l4xx_hal_i2c.o(i.I2C_TransferConfig)
    i.I2C_WaitOnFlagUntilTimeout             0x08001ba8   Section        0  stm32l4xx_hal_i2c.o(i.I2C_WaitOnFlagUntilTimeout)
    I2C_WaitOnFlagUntilTimeout               0x08001ba9   Thumb Code    88  stm32l4xx_hal_i2c.o(i.I2C_WaitOnFlagUntilTimeout)
    i.I2C_WaitOnRXNEFlagUntilTimeout         0x08001c00   Section        0  stm32l4xx_hal_i2c.o(i.I2C_WaitOnRXNEFlagUntilTimeout)
    I2C_WaitOnRXNEFlagUntilTimeout           0x08001c01   Thumb Code   128  stm32l4xx_hal_i2c.o(i.I2C_WaitOnRXNEFlagUntilTimeout)
    i.I2C_WaitOnSTOPFlagUntilTimeout         0x08001c84   Section        0  stm32l4xx_hal_i2c.o(i.I2C_WaitOnSTOPFlagUntilTimeout)
    I2C_WaitOnSTOPFlagUntilTimeout           0x08001c85   Thumb Code    76  stm32l4xx_hal_i2c.o(i.I2C_WaitOnSTOPFlagUntilTimeout)
    i.I2C_WaitOnTXISFlagUntilTimeout         0x08001cd0   Section        0  stm32l4xx_hal_i2c.o(i.I2C_WaitOnTXISFlagUntilTimeout)
    I2C_WaitOnTXISFlagUntilTimeout           0x08001cd1   Thumb Code    80  stm32l4xx_hal_i2c.o(i.I2C_WaitOnTXISFlagUntilTimeout)
    i.MX_GPIO_Init                           0x08001d20   Section        0  gpio.o(i.MX_GPIO_Init)
    i.MX_I2C1_Init                           0x08001d4c   Section        0  i2c.o(i.MX_I2C1_Init)
    i.MX_USART2_UART_Init                    0x08001da4   Section        0  usart.o(i.MX_USART2_UART_Init)
    i.MemManage_Handler                      0x08001de0   Section        0  stm32l4xx_it.o(i.MemManage_Handler)
    i.NMI_Handler                            0x08001de2   Section        0  stm32l4xx_it.o(i.NMI_Handler)
    i.PendSV_Handler                         0x08001de4   Section        0  stm32l4xx_it.o(i.PendSV_Handler)
    i.RCCEx_PLLSAI1_Config                   0x08001de8   Section        0  stm32l4xx_hal_rcc_ex.o(i.RCCEx_PLLSAI1_Config)
    RCCEx_PLLSAI1_Config                     0x08001de9   Thumb Code   278  stm32l4xx_hal_rcc_ex.o(i.RCCEx_PLLSAI1_Config)
    i.RCC_SetFlashLatencyFromMSIRange        0x08001f14   Section        0  stm32l4xx_hal_rcc.o(i.RCC_SetFlashLatencyFromMSIRange)
    RCC_SetFlashLatencyFromMSIRange          0x08001f15   Thumb Code   116  stm32l4xx_hal_rcc.o(i.RCC_SetFlashLatencyFromMSIRange)
    i.SVC_Handler                            0x08001f90   Section        0  stm32l4xx_it.o(i.SVC_Handler)
    i.SysTick_Handler                        0x08001f92   Section        0  stm32l4xx_it.o(i.SysTick_Handler)
    i.SystemClock_Config                     0x08001f98   Section        0  main.o(i.SystemClock_Config)
    i.SystemInit                             0x08002040   Section        0  system_stm32l4xx.o(i.SystemInit)
    i.UART_AdvFeatureConfig                  0x0800207c   Section        0  stm32l4xx_hal_uart.o(i.UART_AdvFeatureConfig)
    i.UART_CheckIdleState                    0x08002144   Section        0  stm32l4xx_hal_uart.o(i.UART_CheckIdleState)
    i.UART_SetConfig                         0x080021a0   Section        0  stm32l4xx_hal_uart.o(i.UART_SetConfig)
    i.UART_WaitOnFlagUntilTimeout            0x08002380   Section        0  stm32l4xx_hal_uart.o(i.UART_WaitOnFlagUntilTimeout)
    i.UsageFault_Handler                     0x08002424   Section        0  stm32l4xx_it.o(i.UsageFault_Handler)
    i.__0printf                              0x08002428   Section        0  printfa.o(i.__0printf)
    i.__0snprintf                            0x08002448   Section        0  printfa.o(i.__0snprintf)
    i.__NVIC_SetPriority                     0x0800247c   Section        0  stm32l4xx_hal_cortex.o(i.__NVIC_SetPriority)
    __NVIC_SetPriority                       0x0800247d   Thumb Code    32  stm32l4xx_hal_cortex.o(i.__NVIC_SetPriority)
    i.__scatterload_copy                     0x0800249c   Section       14  handlers.o(i.__scatterload_copy)
    i.__scatterload_null                     0x080024aa   Section        2  handlers.o(i.__scatterload_null)
    i.__scatterload_zeroinit                 0x080024ac   Section       14  handlers.o(i.__scatterload_zeroinit)
    i._fp_digits                             0x080024bc   Section        0  printfa.o(i._fp_digits)
    _fp_digits                               0x080024bd   Thumb Code   366  printfa.o(i._fp_digits)
    i._printf_core                           0x08002648   Section        0  printfa.o(i._printf_core)
    _printf_core                             0x08002649   Thumb Code  1704  printfa.o(i._printf_core)
    i._printf_post_padding                   0x08002d02   Section        0  printfa.o(i._printf_post_padding)
    _printf_post_padding                     0x08002d03   Thumb Code    36  printfa.o(i._printf_post_padding)
    i._printf_pre_padding                    0x08002d26   Section        0  printfa.o(i._printf_pre_padding)
    _printf_pre_padding                      0x08002d27   Thumb Code    46  printfa.o(i._printf_pre_padding)
    i._snputc                                0x08002d54   Section        0  printfa.o(i._snputc)
    _snputc                                  0x08002d55   Thumb Code    22  printfa.o(i._snputc)
    i.bno055_delay                           0x08002d6a   Section        0  main.o(i.bno055_delay)
    i.bno055_getVector                       0x08002d70   Section        0  bno055.o(i.bno055_getVector)
    i.bno055_getVectorEuler                  0x08002e74   Section        0  bno055.o(i.bno055_getVectorEuler)
    i.bno055_getVectorQuaternion             0x08002e7a   Section        0  bno055.o(i.bno055_getVectorQuaternion)
    i.bno055_readData                        0x08002e80   Section        0  main.o(i.bno055_readData)
    i.bno055_reset                           0x08002eb0   Section        0  bno055.o(i.bno055_reset)
    i.bno055_setOperationMode                0x08002ec6   Section        0  bno055.o(i.bno055_setOperationMode)
    i.bno055_setOperationModeNDOF            0x08002ee2   Section        0  bno055.o(i.bno055_setOperationModeNDOF)
    i.bno055_setPage                         0x08002ee8   Section        0  bno055.o(i.bno055_setPage)
    i.bno055_setup                           0x08002ef0   Section        0  bno055.o(i.bno055_setup)
    i.bno055_writeData                       0x08002f6c   Section        0  main.o(i.bno055_writeData)
    i.fputc                                  0x08003258   Section        0  fputc.o(i.fputc)
    i.main                                   0x0800326c   Section        0  main.o(i.main)
    .constdata                               0x0800334c   Section       64  system_stm32l4xx.o(.constdata)
    .constdata                               0x0800338c   Section        8  system_stm32l4xx.o(.constdata)
    .data                                    0x20000000   Section        8  main.o(.data)
    .data                                    0x20000008   Section       10  bno055.o(.data)
    .data                                    0x20000014   Section       12  stm32l4xx_hal.o(.data)
    .data                                    0x20000020   Section        4  system_stm32l4xx.o(.data)
    .data                                    0x20000024   Section        4  stdout.o(.data)
    .bss                                     0x20000028   Section       76  i2c.o(.bss)
    .bss                                     0x20000074   Section      132  usart.o(.bss)
    STACK                                    0x200000f8   Section     1024  startup_stm32l432xx.o(STACK)

    Global Symbols

    Symbol Name                              Value     Ov Type        Size  Object(Section)

    BuildAttributes$$THM_ISAv4$E$P$D$K$B$S$7EM$VFPi3$EXTD16$VFPS$VFMA$PE$A:L22UL41UL21$X:L11$S22US41US21$IEEE1$IW$USESV6$~STKCKD$USESV7$~SHL$OSPACE$ROPI$EBA8$MICROLIB$REQ8$PRES8$EABIv2 0x00000000   Number         0  anon$$obj.o ABSOLUTE
    __ARM_use_no_argv                        0x00000000   Number         0  main.o ABSOLUTE
    _printf_a                                0x00000000   Number         0  stubs.o ABSOLUTE
    _printf_c                                0x00000000   Number         0  stubs.o ABSOLUTE
    _printf_charcount                        0x00000000   Number         0  stubs.o ABSOLUTE
    _printf_d                                0x00000000   Number         0  stubs.o ABSOLUTE
    _printf_e                                0x00000000   Number         0  stubs.o ABSOLUTE
    _printf_f                                0x00000000   Number         0  stubs.o ABSOLUTE
    _printf_flags                            0x00000000   Number         0  stubs.o ABSOLUTE
    _printf_fp_dec                           0x00000000   Number         0  stubs.o ABSOLUTE
    _printf_fp_hex                           0x00000000   Number         0  stubs.o ABSOLUTE
    _printf_g                                0x00000000   Number         0  stubs.o ABSOLUTE
    _printf_i                                0x00000000   Number         0  stubs.o ABSOLUTE
    _printf_int_dec                          0x00000000   Number         0  stubs.o ABSOLUTE
    _printf_l                                0x00000000   Number         0  stubs.o ABSOLUTE
    _printf_lc                               0x00000000   Number         0  stubs.o ABSOLUTE
    _printf_ll                               0x00000000   Number         0  stubs.o ABSOLUTE
    _printf_lld                              0x00000000   Number         0  stubs.o ABSOLUTE
    _printf_lli                              0x00000000   Number         0  stubs.o ABSOLUTE
    _printf_llo                              0x00000000   Number         0  stubs.o ABSOLUTE
    _printf_llu                              0x00000000   Number         0  stubs.o ABSOLUTE
    _printf_llx                              0x00000000   Number         0  stubs.o ABSOLUTE
    _printf_longlong_dec                     0x00000000   Number         0  stubs.o ABSOLUTE
    _printf_longlong_hex                     0x00000000   Number         0  stubs.o ABSOLUTE
    _printf_longlong_oct                     0x00000000   Number         0  stubs.o ABSOLUTE
    _printf_ls                               0x00000000   Number         0  stubs.o ABSOLUTE
    _printf_mbtowc                           0x00000000   Number         0  stubs.o ABSOLUTE
    _printf_n                                0x00000000   Number         0  stubs.o ABSOLUTE
    _printf_o                                0x00000000   Number         0  stubs.o ABSOLUTE
    _printf_p                                0x00000000   Number         0  stubs.o ABSOLUTE
    _printf_percent                          0x00000000   Number         0  stubs.o ABSOLUTE
    _printf_pre_padding                      0x00000000   Number         0  stubs.o ABSOLUTE
    _printf_return_value                     0x00000000   Number         0  stubs.o ABSOLUTE
    _printf_s                                0x00000000   Number         0  stubs.o ABSOLUTE
    _printf_sizespec                         0x00000000   Number         0  stubs.o ABSOLUTE
    _printf_str                              0x00000000   Number         0  stubs.o ABSOLUTE
    _printf_truncate_signed                  0x00000000   Number         0  stubs.o ABSOLUTE
    _printf_truncate_unsigned                0x00000000   Number         0  stubs.o ABSOLUTE
    _printf_u                                0x00000000   Number         0  stubs.o ABSOLUTE
    _printf_wc                               0x00000000   Number         0  stubs.o ABSOLUTE
    _printf_wctomb                           0x00000000   Number         0  stubs.o ABSOLUTE
    _printf_widthprec                        0x00000000   Number         0  stubs.o ABSOLUTE
    _printf_x                                0x00000000   Number         0  stubs.o ABSOLUTE
    __arm_fini_                               - Undefined Weak Reference
    __cpp_initialize__aeabi_                  - Undefined Weak Reference
    __cxa_finalize                            - Undefined Weak Reference
    __decompress                              - Undefined Weak Reference
    _clock_init                               - Undefined Weak Reference
    _microlib_exit                            - Undefined Weak Reference
    __Vectors_Size                           0x0000018c   Number         0  startup_stm32l432xx.o ABSOLUTE
    __Vectors                                0x08000000   Data           4  startup_stm32l432xx.o(RESET)
    __Vectors_End                            0x0800018c   Data           0  startup_stm32l432xx.o(RESET)
    __main                                   0x0800018d   Thumb Code     0  entry.o(.ARM.Collect$$$$00000000)
    _main_stk                                0x0800018d   Thumb Code     0  entry2.o(.ARM.Collect$$$$00000001)
    _main_scatterload                        0x08000191   Thumb Code     0  entry5.o(.ARM.Collect$$$$00000004)
    __main_after_scatterload                 0x08000195   Thumb Code     0  entry5.o(.ARM.Collect$$$$00000004)
    _main_clock                              0x08000195   Thumb Code     0  entry7b.o(.ARM.Collect$$$$00000008)
    _main_cpp_init                           0x08000195   Thumb Code     0  entry8b.o(.ARM.Collect$$$$0000000A)
    _main_init                               0x08000195   Thumb Code     0  entry9a.o(.ARM.Collect$$$$0000000B)
    __rt_lib_shutdown_fini                   0x0800019d   Thumb Code     0  entry12b.o(.ARM.Collect$$$$0000000E)
    __rt_final_cpp                           0x080001a1   Thumb Code     0  entry10a.o(.ARM.Collect$$$$0000000F)
    __rt_final_exit                          0x080001a1   Thumb Code     0  entry11a.o(.ARM.Collect$$$$00000011)
    Reset_Handler                            0x080001a5   Thumb Code     8  startup_stm32l432xx.o(.text)
    ADC1_IRQHandler                          0x080001bf   Thumb Code     0  startup_stm32l432xx.o(.text)
    CAN1_RX0_IRQHandler                      0x080001bf   Thumb Code     0  startup_stm32l432xx.o(.text)
    CAN1_RX1_IRQHandler                      0x080001bf   Thumb Code     0  startup_stm32l432xx.o(.text)
    CAN1_SCE_IRQHandler                      0x080001bf   Thumb Code     0  startup_stm32l432xx.o(.text)
    CAN1_TX_IRQHandler                       0x080001bf   Thumb Code     0  startup_stm32l432xx.o(.text)
    COMP_IRQHandler                          0x080001bf   Thumb Code     0  startup_stm32l432xx.o(.text)
    CRS_IRQHandler                           0x080001bf   Thumb Code     0  startup_stm32l432xx.o(.text)
    DMA1_Channel1_IRQHandler                 0x080001bf   Thumb Code     0  startup_stm32l432xx.o(.text)
    DMA1_Channel2_IRQHandler                 0x080001bf   Thumb Code     0  startup_stm32l432xx.o(.text)
    DMA1_Channel3_IRQHandler                 0x080001bf   Thumb Code     0  startup_stm32l432xx.o(.text)
    DMA1_Channel4_IRQHandler                 0x080001bf   Thumb Code     0  startup_stm32l432xx.o(.text)
    DMA1_Channel5_IRQHandler                 0x080001bf   Thumb Code     0  startup_stm32l432xx.o(.text)
    DMA1_Channel6_IRQHandler                 0x080001bf   Thumb Code     0  startup_stm32l432xx.o(.text)
    DMA1_Channel7_IRQHandler                 0x080001bf   Thumb Code     0  startup_stm32l432xx.o(.text)
    DMA2_Channel1_IRQHandler                 0x080001bf   Thumb Code     0  startup_stm32l432xx.o(.text)
    DMA2_Channel2_IRQHandler                 0x080001bf   Thumb Code     0  startup_stm32l432xx.o(.text)
    DMA2_Channel3_IRQHandler                 0x080001bf   Thumb Code     0  startup_stm32l432xx.o(.text)
    DMA2_Channel4_IRQHandler                 0x080001bf   Thumb Code     0  startup_stm32l432xx.o(.text)
    DMA2_Channel5_IRQHandler                 0x080001bf   Thumb Code     0  startup_stm32l432xx.o(.text)
    DMA2_Channel6_IRQHandler                 0x080001bf   Thumb Code     0  startup_stm32l432xx.o(.text)
    DMA2_Channel7_IRQHandler                 0x080001bf   Thumb Code     0  startup_stm32l432xx.o(.text)
    EXTI0_IRQHandler                         0x080001bf   Thumb Code     0  startup_stm32l432xx.o(.text)
    EXTI15_10_IRQHandler                     0x080001bf   Thumb Code     0  startup_stm32l432xx.o(.text)
    EXTI1_IRQHandler                         0x080001bf   Thumb Code     0  startup_stm32l432xx.o(.text)
    EXTI2_IRQHandler                         0x080001bf   Thumb Code     0  startup_stm32l432xx.o(.text)
    EXTI3_IRQHandler                         0x080001bf   Thumb Code     0  startup_stm32l432xx.o(.text)
    EXTI4_IRQHandler                         0x080001bf   Thumb Code     0  startup_stm32l432xx.o(.text)
    EXTI9_5_IRQHandler                       0x080001bf   Thumb Code     0  startup_stm32l432xx.o(.text)
    FLASH_IRQHandler                         0x080001bf   Thumb Code     0  startup_stm32l432xx.o(.text)
    FPU_IRQHandler                           0x080001bf   Thumb Code     0  startup_stm32l432xx.o(.text)
    I2C1_ER_IRQHandler                       0x080001bf   Thumb Code     0  startup_stm32l432xx.o(.text)
    I2C1_EV_IRQHandler                       0x080001bf   Thumb Code     0  startup_stm32l432xx.o(.text)
    I2C3_ER_IRQHandler                       0x080001bf   Thumb Code     0  startup_stm32l432xx.o(.text)
    I2C3_EV_IRQHandler                       0x080001bf   Thumb Code     0  startup_stm32l432xx.o(.text)
    LPTIM1_IRQHandler                        0x080001bf   Thumb Code     0  startup_stm32l432xx.o(.text)
    LPTIM2_IRQHandler                        0x080001bf   Thumb Code     0  startup_stm32l432xx.o(.text)
    LPUART1_IRQHandler                       0x080001bf   Thumb Code     0  startup_stm32l432xx.o(.text)
    PVD_PVM_IRQHandler                       0x080001bf   Thumb Code     0  startup_stm32l432xx.o(.text)
    QUADSPI_IRQHandler                       0x080001bf   Thumb Code     0  startup_stm32l432xx.o(.text)
    RCC_IRQHandler                           0x080001bf   Thumb Code     0  startup_stm32l432xx.o(.text)
    RNG_IRQHandler                           0x080001bf   Thumb Code     0  startup_stm32l432xx.o(.text)
    RTC_Alarm_IRQHandler                     0x080001bf   Thumb Code     0  startup_stm32l432xx.o(.text)
    RTC_WKUP_IRQHandler                      0x080001bf   Thumb Code     0  startup_stm32l432xx.o(.text)
    SAI1_IRQHandler                          0x080001bf   Thumb Code     0  startup_stm32l432xx.o(.text)
    SPI1_IRQHandler                          0x080001bf   Thumb Code     0  startup_stm32l432xx.o(.text)
    SPI3_IRQHandler                          0x080001bf   Thumb Code     0  startup_stm32l432xx.o(.text)
    SWPMI1_IRQHandler                        0x080001bf   Thumb Code     0  startup_stm32l432xx.o(.text)
    TAMP_STAMP_IRQHandler                    0x080001bf   Thumb Code     0  startup_stm32l432xx.o(.text)
    TIM1_BRK_TIM15_IRQHandler                0x080001bf   Thumb Code     0  startup_stm32l432xx.o(.text)
    TIM1_CC_IRQHandler                       0x080001bf   Thumb Code     0  startup_stm32l432xx.o(.text)
    TIM1_TRG_COM_IRQHandler                  0x080001bf   Thumb Code     0  startup_stm32l432xx.o(.text)
    TIM1_UP_TIM16_IRQHandler                 0x080001bf   Thumb Code     0  startup_stm32l432xx.o(.text)
    TIM2_IRQHandler                          0x080001bf   Thumb Code     0  startup_stm32l432xx.o(.text)
    TIM6_DAC_IRQHandler                      0x080001bf   Thumb Code     0  startup_stm32l432xx.o(.text)
    TIM7_IRQHandler                          0x080001bf   Thumb Code     0  startup_stm32l432xx.o(.text)
    TSC_IRQHandler                           0x080001bf   Thumb Code     0  startup_stm32l432xx.o(.text)
    USART1_IRQHandler                        0x080001bf   Thumb Code     0  startup_stm32l432xx.o(.text)
    USART2_IRQHandler                        0x080001bf   Thumb Code     0  startup_stm32l432xx.o(.text)
    USB_IRQHandler                           0x080001bf   Thumb Code     0  startup_stm32l432xx.o(.text)
    WWDG_IRQHandler                          0x080001bf   Thumb Code     0  startup_stm32l432xx.o(.text)
    __aeabi_uldivmod                         0x080001c9   Thumb Code    98  uldiv.o(.text)
    __aeabi_memset                           0x08000231   Thumb Code    14  memseta.o(.text)
    __aeabi_memset4                          0x08000231   Thumb Code     0  memseta.o(.text)
    __aeabi_memset8                          0x08000231   Thumb Code     0  memseta.o(.text)
    __aeabi_memclr                           0x0800023f   Thumb Code     4  memseta.o(.text)
    __aeabi_memclr4                          0x0800023f   Thumb Code     0  memseta.o(.text)
    __aeabi_memclr8                          0x0800023f   Thumb Code     0  memseta.o(.text)
    _memset$wrapper                          0x08000243   Thumb Code    18  memseta.o(.text)
    __aeabi_ddiv                             0x08000255   Thumb Code   222  ddiv.o(.text)
    __aeabi_i2d                              0x08000333   Thumb Code    34  dflti.o(.text)
    __aeabi_ui2d                             0x08000355   Thumb Code    26  dfltui.o(.text)
    __aeabi_uidiv                            0x0800036f   Thumb Code     0  uidiv.o(.text)
    __aeabi_uidivmod                         0x0800036f   Thumb Code    44  uidiv.o(.text)
    __aeabi_llsl                             0x0800039b   Thumb Code    30  llshl.o(.text)
    _ll_shift_l                              0x0800039b   Thumb Code     0  llshl.o(.text)
    __aeabi_llsr                             0x080003b9   Thumb Code    32  llushr.o(.text)
    _ll_ushift_r                             0x080003b9   Thumb Code     0  llushr.o(.text)
    __I$use$fp                               0x080003d9   Thumb Code     0  iusefp.o(.text)
    _double_round                            0x080003d9   Thumb Code    30  depilogue.o(.text)
    _double_epilogue                         0x080003f7   Thumb Code   156  depilogue.o(.text)
    __aeabi_dadd                             0x08000493   Thumb Code   322  dadd.o(.text)
    __aeabi_dsub                             0x080005d5   Thumb Code     6  dadd.o(.text)
    __aeabi_drsub                            0x080005db   Thumb Code     6  dadd.o(.text)
    __aeabi_dmul                             0x080005f1   Thumb Code   228  dmul.o(.text)
    __aeabi_d2ulz                            0x080006db   Thumb Code    48  dfixul.o(.text)
    __aeabi_cdrcmple                         0x0800070d   Thumb Code    48  cdrcmple.o(.text)
    __scatterload                            0x0800073d   Thumb Code    28  init.o(.text)
    __scatterload_rt2                        0x0800073d   Thumb Code     0  init.o(.text)
    __aeabi_lasr                             0x08000761   Thumb Code    36  llsshr.o(.text)
    __semihosting_library_function           0x08000761   Thumb Code     0  semi.o(.text)
    _ll_sshift_r                             0x08000761   Thumb Code     0  llsshr.o(.text)
    BusFault_Handler                         0x08000785   Thumb Code     2  stm32l4xx_it.o(i.BusFault_Handler)
    __I$use$semihosting$fputc                0x08000785   Thumb Code     0  iusesemip.o(.text)
    DebugMon_Handler                         0x08000787   Thumb Code     2  stm32l4xx_it.o(i.DebugMon_Handler)
    Error_Handler                            0x08000789   Thumb Code     4  main.o(i.Error_Handler)
    HAL_Delay                                0x0800078d   Thumb Code    32  stm32l4xx_hal.o(i.HAL_Delay)
    HAL_GPIO_Init                            0x080007b1   Thumb Code   392  stm32l4xx_hal_gpio.o(i.HAL_GPIO_Init)
    HAL_GetTick                              0x08000955   Thumb Code     6  stm32l4xx_hal.o(i.HAL_GetTick)
    HAL_I2CEx_ConfigAnalogFilter             0x08000961   Thumb Code    86  stm32l4xx_hal_i2c_ex.o(i.HAL_I2CEx_ConfigAnalogFilter)
    HAL_I2CEx_ConfigDigitalFilter            0x080009b7   Thumb Code    82  stm32l4xx_hal_i2c_ex.o(i.HAL_I2CEx_ConfigDigitalFilter)
    HAL_I2C_GetError                         0x08000a09   Thumb Code     4  stm32l4xx_hal_i2c.o(i.HAL_I2C_GetError)
    HAL_I2C_GetState                         0x08000a0d   Thumb Code     6  stm32l4xx_hal_i2c.o(i.HAL_I2C_GetState)
    HAL_I2C_Init                             0x08000a15   Thumb Code   178  stm32l4xx_hal_i2c.o(i.HAL_I2C_Init)
    HAL_I2C_Master_Receive                   0x08000acd   Thumb Code   282  stm32l4xx_hal_i2c.o(i.HAL_I2C_Master_Receive)
    HAL_I2C_Master_Transmit                  0x08000bf9   Thumb Code   282  stm32l4xx_hal_i2c.o(i.HAL_I2C_Master_Transmit)
    HAL_I2C_MspInit                          0x08000d25   Thumb Code    92  i2c.o(i.HAL_I2C_MspInit)
    HAL_IncTick                              0x08000d89   Thumb Code    12  stm32l4xx_hal.o(i.HAL_IncTick)
    HAL_Init                                 0x08000d99   Thumb Code    30  stm32l4xx_hal.o(i.HAL_Init)
    HAL_InitTick                             0x08000db9   Thumb Code    58  stm32l4xx_hal.o(i.HAL_InitTick)
    HAL_MspInit                              0x08000dfd   Thumb Code    38  stm32l4xx_hal_msp.o(i.HAL_MspInit)
    HAL_NVIC_SetPriority                     0x08000e29   Thumb Code    60  stm32l4xx_hal_cortex.o(i.HAL_NVIC_SetPriority)
    HAL_NVIC_SetPriorityGrouping             0x08000e69   Thumb Code    26  stm32l4xx_hal_cortex.o(i.HAL_NVIC_SetPriorityGrouping)
    HAL_PWREx_ControlVoltageScaling          0x08000e8d   Thumb Code    90  stm32l4xx_hal_pwr_ex.o(i.HAL_PWREx_ControlVoltageScaling)
    HAL_PWREx_GetVoltageRange                0x08000ef5   Thumb Code    10  stm32l4xx_hal_pwr_ex.o(i.HAL_PWREx_GetVoltageRange)
    HAL_PWR_EnableBkUpAccess                 0x08000f05   Thumb Code    12  stm32l4xx_hal_pwr.o(i.HAL_PWR_EnableBkUpAccess)
    HAL_RCCEx_EnableMSIPLLMode               0x08000f15   Thumb Code    12  stm32l4xx_hal_rcc_ex.o(i.HAL_RCCEx_EnableMSIPLLMode)
    HAL_RCCEx_PeriphCLKConfig                0x08000f25   Thumb Code   634  stm32l4xx_hal_rcc_ex.o(i.HAL_RCCEx_PeriphCLKConfig)
    HAL_RCC_ClockConfig                      0x080011b1   Thumb Code   266  stm32l4xx_hal_rcc.o(i.HAL_RCC_ClockConfig)
    HAL_RCC_GetPCLK1Freq                     0x080012d1   Thumb Code    24  stm32l4xx_hal_rcc.o(i.HAL_RCC_GetPCLK1Freq)
    HAL_RCC_GetPCLK2Freq                     0x080012f5   Thumb Code    24  stm32l4xx_hal_rcc.o(i.HAL_RCC_GetPCLK2Freq)
    HAL_RCC_GetSysClockFreq                  0x08001319   Thumb Code   150  stm32l4xx_hal_rcc.o(i.HAL_RCC_GetSysClockFreq)
    HAL_RCC_OscConfig                        0x080013bd   Thumb Code  1382  stm32l4xx_hal_rcc.o(i.HAL_RCC_OscConfig)
    HAL_SYSTICK_Config                       0x08001929   Thumb Code    40  stm32l4xx_hal_cortex.o(i.HAL_SYSTICK_Config)
    HAL_UART_Init                            0x08001951   Thumb Code   102  stm32l4xx_hal_uart.o(i.HAL_UART_Init)
    HAL_UART_MspInit                         0x080019b9   Thumb Code    90  usart.o(i.HAL_UART_MspInit)
    HAL_UART_Transmit                        0x08001a1d   Thumb Code   182  stm32l4xx_hal_uart.o(i.HAL_UART_Transmit)
    HardFault_Handler                        0x08001ad3   Thumb Code     2  stm32l4xx_it.o(i.HardFault_Handler)
    MX_GPIO_Init                             0x08001d21   Thumb Code    38  gpio.o(i.MX_GPIO_Init)
    MX_I2C1_Init                             0x08001d4d   Thumb Code    76  i2c.o(i.MX_I2C1_Init)
    MX_USART2_UART_Init                      0x08001da5   Thumb Code    52  usart.o(i.MX_USART2_UART_Init)
    MemManage_Handler                        0x08001de1   Thumb Code     2  stm32l4xx_it.o(i.MemManage_Handler)
    NMI_Handler                              0x08001de3   Thumb Code     2  stm32l4xx_it.o(i.NMI_Handler)
    PendSV_Handler                           0x08001de5   Thumb Code     2  stm32l4xx_it.o(i.PendSV_Handler)
    SVC_Handler                              0x08001f91   Thumb Code     2  stm32l4xx_it.o(i.SVC_Handler)
    SysTick_Handler                          0x08001f93   Thumb Code     4  stm32l4xx_it.o(i.SysTick_Handler)
    SystemClock_Config                       0x08001f99   Thumb Code   164  main.o(i.SystemClock_Config)
    SystemInit                               0x08002041   Thumb Code    48  system_stm32l4xx.o(i.SystemInit)
    UART_AdvFeatureConfig                    0x0800207d   Thumb Code   200  stm32l4xx_hal_uart.o(i.UART_AdvFeatureConfig)
    UART_CheckIdleState                      0x08002145   Thumb Code    92  stm32l4xx_hal_uart.o(i.UART_CheckIdleState)
    UART_SetConfig                           0x080021a1   Thumb Code   450  stm32l4xx_hal_uart.o(i.UART_SetConfig)
    UART_WaitOnFlagUntilTimeout              0x08002381   Thumb Code   164  stm32l4xx_hal_uart.o(i.UART_WaitOnFlagUntilTimeout)
    UsageFault_Handler                       0x08002425   Thumb Code     2  stm32l4xx_it.o(i.UsageFault_Handler)
    __0printf                                0x08002429   Thumb Code    22  printfa.o(i.__0printf)
    __1printf                                0x08002429   Thumb Code     0  printfa.o(i.__0printf)
    __2printf                                0x08002429   Thumb Code     0  printfa.o(i.__0printf)
    __c89printf                              0x08002429   Thumb Code     0  printfa.o(i.__0printf)
    printf                                   0x08002429   Thumb Code     0  printfa.o(i.__0printf)
    __0snprintf                              0x08002449   Thumb Code    48  printfa.o(i.__0snprintf)
    __1snprintf                              0x08002449   Thumb Code     0  printfa.o(i.__0snprintf)
    __2snprintf                              0x08002449   Thumb Code     0  printfa.o(i.__0snprintf)
    __c89snprintf                            0x08002449   Thumb Code     0  printfa.o(i.__0snprintf)
    snprintf                                 0x08002449   Thumb Code     0  printfa.o(i.__0snprintf)
    __scatterload_copy                       0x0800249d   Thumb Code    14  handlers.o(i.__scatterload_copy)
    __scatterload_null                       0x080024ab   Thumb Code     2  handlers.o(i.__scatterload_null)
    __scatterload_zeroinit                   0x080024ad   Thumb Code    14  handlers.o(i.__scatterload_zeroinit)
    bno055_delay                             0x08002d6b   Thumb Code     4  main.o(i.bno055_delay)
    bno055_getVector                         0x08002d71   Thumb Code   248  bno055.o(i.bno055_getVector)
    bno055_getVectorEuler                    0x08002e75   Thumb Code     6  bno055.o(i.bno055_getVectorEuler)
    bno055_getVectorQuaternion               0x08002e7b   Thumb Code     6  bno055.o(i.bno055_getVectorQuaternion)
    bno055_readData                          0x08002e81   Thumb Code    44  main.o(i.bno055_readData)
    bno055_reset                             0x08002eb1   Thumb Code    22  bno055.o(i.bno055_reset)
    bno055_setOperationMode                  0x08002ec7   Thumb Code    28  bno055.o(i.bno055_setOperationMode)
    bno055_setOperationModeNDOF              0x08002ee3   Thumb Code     6  bno055.o(i.bno055_setOperationModeNDOF)
    bno055_setPage                           0x08002ee9   Thumb Code     8  bno055.o(i.bno055_setPage)
    bno055_setup                             0x08002ef1   Thumb Code    62  bno055.o(i.bno055_setup)
    bno055_writeData                         0x08002f6d   Thumb Code   220  main.o(i.bno055_writeData)
    fputc                                    0x08003259   Thumb Code    18  fputc.o(i.fputc)
    main                                     0x0800326d   Thumb Code   136  main.o(i.main)
    AHBPrescTable                            0x0800334c   Data          16  system_stm32l4xx.o(.constdata)
    MSIRangeTable                            0x0800335c   Data          48  system_stm32l4xx.o(.constdata)
    APBPrescTable                            0x0800338c   Data           8  system_stm32l4xx.o(.constdata)
    Region$$Table$$Base                      0x08003394   Number         0  anon$$obj.o(Region$$Table)
    Region$$Table$$Limit                     0x080033b4   Number         0  anon$$obj.o(Region$$Table)
    endl                                     0x20000000   Data           2  main.o(.data)
    _bno055_i2c_port                         0x20000004   Data           4  main.o(.data)
    accelScale                               0x20000008   Data           2  bno055.o(.data)
    angularRateScale                         0x2000000a   Data           2  bno055.o(.data)
    eulerScale                               0x2000000c   Data           2  bno055.o(.data)
    magScale                                 0x2000000e   Data           2  bno055.o(.data)
    quaScale                                 0x20000010   Data           2  bno055.o(.data)
    uwTickFreq                               0x20000014   Data           1  stm32l4xx_hal.o(.data)
    uwTickPrio                               0x20000018   Data           4  stm32l4xx_hal.o(.data)
    uwTick                                   0x2000001c   Data           4  stm32l4xx_hal.o(.data)
    SystemCoreClock                          0x20000020   Data           4  system_stm32l4xx.o(.data)
    __stdout                                 0x20000024   Data           4  stdout.o(.data)
    hi2c1                                    0x20000028   Data          76  i2c.o(.bss)
    huart2                                   0x20000074   Data         132  usart.o(.bss)
    __initial_sp                             0x200004f8   Data           0  startup_stm32l432xx.o(STACK)



==============================================================================

Memory Map of the image

  Image Entry point : 0x0800018d

  Load Region LR_IROM1 (Base: 0x08000000, Size: 0x000033dc, Max: 0x00040000, ABSOLUTE)

    Execution Region ER_IROM1 (Exec base: 0x08000000, Load base: 0x08000000, Size: 0x000033b4, Max: 0x00040000, ABSOLUTE)

    Exec Addr    Load Addr    Size         Type   Attr      Idx    E Section Name        Object

    0x08000000   0x08000000   0x0000018c   Data   RO            3    RESET               startup_stm32l432xx.o
    0x0800018c   0x0800018c   0x00000000   Code   RO         3063  * .ARM.Collect$$$$00000000  mc_w.l(entry.o)
    0x0800018c   0x0800018c   0x00000004   Code   RO         3341    .ARM.Collect$$$$00000001  mc_w.l(entry2.o)
    0x08000190   0x08000190   0x00000004   Code   RO         3344    .ARM.Collect$$$$00000004  mc_w.l(entry5.o)
    0x08000194   0x08000194   0x00000000   Code   RO         3346    .ARM.Collect$$$$00000008  mc_w.l(entry7b.o)
    0x08000194   0x08000194   0x00000000   Code   RO         3348    .ARM.Collect$$$$0000000A  mc_w.l(entry8b.o)
    0x08000194   0x08000194   0x00000008   Code   RO         3349    .ARM.Collect$$$$0000000B  mc_w.l(entry9a.o)
    0x0800019c   0x0800019c   0x00000004   Code   RO         3356    .ARM.Collect$$$$0000000E  mc_w.l(entry12b.o)
    0x080001a0   0x080001a0   0x00000000   Code   RO         3351    .ARM.Collect$$$$0000000F  mc_w.l(entry10a.o)
    0x080001a0   0x080001a0   0x00000000   Code   RO         3353    .ARM.Collect$$$$00000011  mc_w.l(entry11a.o)
    0x080001a0   0x080001a0   0x00000004   Code   RO         3342    .ARM.Collect$$$$00002712  mc_w.l(entry2.o)
    0x080001a4   0x080001a4   0x00000024   Code   RO            4    .text               startup_stm32l432xx.o
    0x080001c8   0x080001c8   0x00000068   Code   RO         3066    .text               mc_w.l(uldiv.o)
    0x08000230   0x08000230   0x00000024   Code   RO         3070    .text               mc_w.l(memseta.o)
    0x08000254   0x08000254   0x000000de   Code   RO         3335    .text               mf_w.l(ddiv.o)
    0x08000332   0x08000332   0x00000022   Code   RO         3337    .text               mf_w.l(dflti.o)
    0x08000354   0x08000354   0x0000001a   Code   RO         3339    .text               mf_w.l(dfltui.o)
    0x0800036e   0x0800036e   0x0000002c   Code   RO         3360    .text               mc_w.l(uidiv.o)
    0x0800039a   0x0800039a   0x0000001e   Code   RO         3362    .text               mc_w.l(llshl.o)
    0x080003b8   0x080003b8   0x00000020   Code   RO         3364    .text               mc_w.l(llushr.o)
    0x080003d8   0x080003d8   0x00000000   Code   RO         3366    .text               mc_w.l(iusefp.o)
    0x080003d8   0x080003d8   0x000000ba   Code   RO         3367    .text               mf_w.l(depilogue.o)
    0x08000492   0x08000492   0x0000015e   Code   RO         3369    .text               mf_w.l(dadd.o)
    0x080005f0   0x080005f0   0x000000ea   Code   RO         3371    .text               mf_w.l(dmul.o)
    0x080006da   0x080006da   0x00000030   Code   RO         3373    .text               mf_w.l(dfixul.o)
    0x0800070a   0x0800070a   0x00000002   PAD
    0x0800070c   0x0800070c   0x00000030   Code   RO         3375    .text               mf_w.l(cdrcmple.o)
    0x0800073c   0x0800073c   0x00000024   Code   RO         3377    .text               mc_w.l(init.o)
    0x08000760   0x08000760   0x00000000   Code   RO         3379    .text               mc_w.l(semi.o)
    0x08000760   0x08000760   0x00000024   Code   RO         3380    .text               mc_w.l(llsshr.o)
    0x08000784   0x08000784   0x00000000   Code   RO         3382    .text               mc_w.l(iusesemip.o)
    0x08000784   0x08000784   0x00000002   Code   RO          307    i.BusFault_Handler  stm32l4xx_it.o
    0x08000786   0x08000786   0x00000002   Code   RO          308    i.DebugMon_Handler  stm32l4xx_it.o
    0x08000788   0x08000788   0x00000004   Code   RO           13    i.Error_Handler     main.o
    0x0800078c   0x0800078c   0x00000024   Code   RO         1110    i.HAL_Delay         stm32l4xx_hal.o
    0x080007b0   0x080007b0   0x000001a2   Code   RO         1797    i.HAL_GPIO_Init     stm32l4xx_hal_gpio.o
    0x08000952   0x08000952   0x00000002   PAD
    0x08000954   0x08000954   0x0000000c   Code   RO         1114    i.HAL_GetTick       stm32l4xx_hal.o
    0x08000960   0x08000960   0x00000056   Code   RO         1049    i.HAL_I2CEx_ConfigAnalogFilter  stm32l4xx_hal_i2c_ex.o
    0x080009b6   0x080009b6   0x00000052   Code   RO         1050    i.HAL_I2CEx_ConfigDigitalFilter  stm32l4xx_hal_i2c_ex.o
    0x08000a08   0x08000a08   0x00000004   Code   RO          595    i.HAL_I2C_GetError  stm32l4xx_hal_i2c.o
    0x08000a0c   0x08000a0c   0x00000006   Code   RO          597    i.HAL_I2C_GetState  stm32l4xx_hal_i2c.o
    0x08000a12   0x08000a12   0x00000002   PAD
    0x08000a14   0x08000a14   0x000000b8   Code   RO          598    i.HAL_I2C_Init      stm32l4xx_hal_i2c.o
    0x08000acc   0x08000acc   0x0000012a   Code   RO          604    i.HAL_I2C_Master_Receive  stm32l4xx_hal_i2c.o
    0x08000bf6   0x08000bf6   0x00000002   PAD
    0x08000bf8   0x08000bf8   0x0000012a   Code   RO          611    i.HAL_I2C_Master_Transmit  stm32l4xx_hal_i2c.o
    0x08000d22   0x08000d22   0x00000002   PAD
    0x08000d24   0x08000d24   0x00000064   Code   RO          224    i.HAL_I2C_MspInit   i2c.o
    0x08000d88   0x08000d88   0x00000010   Code   RO         1120    i.HAL_IncTick       stm32l4xx_hal.o
    0x08000d98   0x08000d98   0x0000001e   Code   RO         1121    i.HAL_Init          stm32l4xx_hal.o
    0x08000db6   0x08000db6   0x00000002   PAD
    0x08000db8   0x08000db8   0x00000044   Code   RO         1122    i.HAL_InitTick      stm32l4xx_hal.o
    0x08000dfc   0x08000dfc   0x0000002c   Code   RO          382    i.HAL_MspInit       stm32l4xx_hal_msp.o
    0x08000e28   0x08000e28   0x00000040   Code   RO         2320    i.HAL_NVIC_SetPriority  stm32l4xx_hal_cortex.o
    0x08000e68   0x08000e68   0x00000024   Code   RO         2321    i.HAL_NVIC_SetPriorityGrouping  stm32l4xx_hal_cortex.o
    0x08000e8c   0x08000e8c   0x00000068   Code   RO         2088    i.HAL_PWREx_ControlVoltageScaling  stm32l4xx_hal_pwr_ex.o
    0x08000ef4   0x08000ef4   0x00000010   Code   RO         2115    i.HAL_PWREx_GetVoltageRange  stm32l4xx_hal_pwr_ex.o
    0x08000f04   0x08000f04   0x00000010   Code   RO         1980    i.HAL_PWR_EnableBkUpAccess  stm32l4xx_hal_pwr.o
    0x08000f14   0x08000f14   0x00000010   Code   RO         1424    i.HAL_RCCEx_EnableMSIPLLMode  stm32l4xx_hal_rcc_ex.o
    0x08000f24   0x08000f24   0x0000028a   Code   RO         1430    i.HAL_RCCEx_PeriphCLKConfig  stm32l4xx_hal_rcc_ex.o
    0x080011ae   0x080011ae   0x00000002   PAD
    0x080011b0   0x080011b0   0x00000120   Code   RO         1308    i.HAL_RCC_ClockConfig  stm32l4xx_hal_rcc.o
    0x080012d0   0x080012d0   0x00000024   Code   RO         1314    i.HAL_RCC_GetPCLK1Freq  stm32l4xx_hal_rcc.o
    0x080012f4   0x080012f4   0x00000024   Code   RO         1315    i.HAL_RCC_GetPCLK2Freq  stm32l4xx_hal_rcc.o
    0x08001318   0x08001318   0x000000a4   Code   RO         1316    i.HAL_RCC_GetSysClockFreq  stm32l4xx_hal_rcc.o
    0x080013bc   0x080013bc   0x0000056c   Code   RO         1319    i.HAL_RCC_OscConfig  stm32l4xx_hal_rcc.o
    0x08001928   0x08001928   0x00000028   Code   RO         2325    i.HAL_SYSTICK_Config  stm32l4xx_hal_cortex.o
    0x08001950   0x08001950   0x00000066   Code   RO         2581    i.HAL_UART_Init     stm32l4xx_hal_uart.o
    0x080019b6   0x080019b6   0x00000002   PAD
    0x080019b8   0x080019b8   0x00000064   Code   RO          266    i.HAL_UART_MspInit  usart.o
    0x08001a1c   0x08001a1c   0x000000b6   Code   RO         2590    i.HAL_UART_Transmit  stm32l4xx_hal_uart.o
    0x08001ad2   0x08001ad2   0x00000002   Code   RO          309    i.HardFault_Handler  stm32l4xx_it.o
    0x08001ad4   0x08001ad4   0x00000022   Code   RO          645    i.I2C_Flush_TXDR    stm32l4xx_hal_i2c.o
    0x08001af6   0x08001af6   0x00000002   PAD
    0x08001af8   0x08001af8   0x00000084   Code   RO          653    i.I2C_IsAcknowledgeFailed  stm32l4xx_hal_i2c.o
    0x08001b7c   0x08001b7c   0x0000002c   Code   RO          660    i.I2C_TransferConfig  stm32l4xx_hal_i2c.o
    0x08001ba8   0x08001ba8   0x00000058   Code   RO          662    i.I2C_WaitOnFlagUntilTimeout  stm32l4xx_hal_i2c.o
    0x08001c00   0x08001c00   0x00000084   Code   RO          663    i.I2C_WaitOnRXNEFlagUntilTimeout  stm32l4xx_hal_i2c.o
    0x08001c84   0x08001c84   0x0000004c   Code   RO          664    i.I2C_WaitOnSTOPFlagUntilTimeout  stm32l4xx_hal_i2c.o
    0x08001cd0   0x08001cd0   0x00000050   Code   RO          665    i.I2C_WaitOnTXISFlagUntilTimeout  stm32l4xx_hal_i2c.o
    0x08001d20   0x08001d20   0x0000002c   Code   RO          199    i.MX_GPIO_Init      gpio.o
    0x08001d4c   0x08001d4c   0x00000058   Code   RO          225    i.MX_I2C1_Init      i2c.o
    0x08001da4   0x08001da4   0x0000003c   Code   RO          267    i.MX_USART2_UART_Init  usart.o
    0x08001de0   0x08001de0   0x00000002   Code   RO          310    i.MemManage_Handler  stm32l4xx_it.o
    0x08001de2   0x08001de2   0x00000002   Code   RO          311    i.NMI_Handler       stm32l4xx_it.o
    0x08001de4   0x08001de4   0x00000002   Code   RO          312    i.PendSV_Handler    stm32l4xx_it.o
    0x08001de6   0x08001de6   0x00000002   PAD
    0x08001de8   0x08001de8   0x0000012c   Code   RO         1434    i.RCCEx_PLLSAI1_Config  stm32l4xx_hal_rcc_ex.o
    0x08001f14   0x08001f14   0x0000007c   Code   RO         1320    i.RCC_SetFlashLatencyFromMSIRange  stm32l4xx_hal_rcc.o
    0x08001f90   0x08001f90   0x00000002   Code   RO          313    i.SVC_Handler       stm32l4xx_it.o
    0x08001f92   0x08001f92   0x00000004   Code   RO          314    i.SysTick_Handler   stm32l4xx_it.o
    0x08001f96   0x08001f96   0x00000002   PAD
    0x08001f98   0x08001f98   0x000000a8   Code   RO           14    i.SystemClock_Config  main.o
    0x08002040   0x08002040   0x0000003c   Code   RO         3029    i.SystemInit        system_stm32l4xx.o
    0x0800207c   0x0800207c   0x000000c8   Code   RO         2595    i.UART_AdvFeatureConfig  stm32l4xx_hal_uart.o
    0x08002144   0x08002144   0x0000005c   Code   RO         2596    i.UART_CheckIdleState  stm32l4xx_hal_uart.o
    0x080021a0   0x080021a0   0x000001e0   Code   RO         2611    i.UART_SetConfig    stm32l4xx_hal_uart.o
    0x08002380   0x08002380   0x000000a4   Code   RO         2616    i.UART_WaitOnFlagUntilTimeout  stm32l4xx_hal_uart.o
    0x08002424   0x08002424   0x00000002   Code   RO          315    i.UsageFault_Handler  stm32l4xx_it.o
    0x08002426   0x08002426   0x00000002   PAD
    0x08002428   0x08002428   0x00000020   Code   RO         3307    i.__0printf         mc_w.l(printfa.o)
    0x08002448   0x08002448   0x00000034   Code   RO         3308    i.__0snprintf       mc_w.l(printfa.o)
    0x0800247c   0x0800247c   0x00000020   Code   RO         2327    i.__NVIC_SetPriority  stm32l4xx_hal_cortex.o
    0x0800249c   0x0800249c   0x0000000e   Code   RO         3385    i.__scatterload_copy  mc_w.l(handlers.o)
    0x080024aa   0x080024aa   0x00000002   Code   RO         3386    i.__scatterload_null  mc_w.l(handlers.o)
    0x080024ac   0x080024ac   0x0000000e   Code   RO         3387    i.__scatterload_zeroinit  mc_w.l(handlers.o)
    0x080024ba   0x080024ba   0x00000002   PAD
    0x080024bc   0x080024bc   0x0000018a   Code   RO         3314    i._fp_digits        mc_w.l(printfa.o)
    0x08002646   0x08002646   0x00000002   PAD
    0x08002648   0x08002648   0x000006ba   Code   RO         3315    i._printf_core      mc_w.l(printfa.o)
    0x08002d02   0x08002d02   0x00000024   Code   RO         3316    i._printf_post_padding  mc_w.l(printfa.o)
    0x08002d26   0x08002d26   0x0000002e   Code   RO         3317    i._printf_pre_padding  mc_w.l(printfa.o)
    0x08002d54   0x08002d54   0x00000016   Code   RO         3318    i._snputc           mc_w.l(printfa.o)
    0x08002d6a   0x08002d6a   0x00000004   Code   RO           16    i.bno055_delay      main.o
    0x08002d6e   0x08002d6e   0x00000002   PAD
    0x08002d70   0x08002d70   0x00000104   Code   RO          414    i.bno055_getVector  bno055.o
    0x08002e74   0x08002e74   0x00000006   Code   RO          416    i.bno055_getVectorEuler  bno055.o
    0x08002e7a   0x08002e7a   0x00000006   Code   RO          421    i.bno055_getVectorQuaternion  bno055.o
    0x08002e80   0x08002e80   0x00000030   Code   RO           17    i.bno055_readData   main.o
    0x08002eb0   0x08002eb0   0x00000016   Code   RO          422    i.bno055_reset      bno055.o
    0x08002ec6   0x08002ec6   0x0000001c   Code   RO          426    i.bno055_setOperationMode  bno055.o
    0x08002ee2   0x08002ee2   0x00000006   Code   RO          428    i.bno055_setOperationModeNDOF  bno055.o
    0x08002ee8   0x08002ee8   0x00000008   Code   RO          429    i.bno055_setPage    bno055.o
    0x08002ef0   0x08002ef0   0x0000007c   Code   RO          430    i.bno055_setup      bno055.o
    0x08002f6c   0x08002f6c   0x000002ec   Code   RO           18    i.bno055_writeData  main.o
    0x08003258   0x08003258   0x00000012   Code   RO         3357    i.fputc             mc_w.l(fputc.o)
    0x0800326a   0x0800326a   0x00000002   PAD
    0x0800326c   0x0800326c   0x000000e0   Code   RO           19    i.main              main.o
    0x0800334c   0x0800334c   0x00000040   Data   RO         3030    .constdata          system_stm32l4xx.o
    0x0800338c   0x0800338c   0x00000008   Data   RO         3031    .constdata          system_stm32l4xx.o
    0x08003394   0x08003394   0x00000020   Data   RO         3383    Region$$Table       anon$$obj.o


    Execution Region RW_IRAM1 (Exec base: 0x20000000, Load base: 0x080033b4, Size: 0x000004f8, Max: 0x00010000, ABSOLUTE)

    Exec Addr    Load Addr    Size         Type   Attr      Idx    E Section Name        Object

    0x20000000   0x080033b4   0x00000008   Data   RW           20    .data               main.o
    0x20000008   0x080033bc   0x0000000a   Data   RW          431    .data               bno055.o
    0x20000012   0x080033c6   0x00000002   PAD
    0x20000014   0x080033c8   0x0000000c   Data   RW         1133    .data               stm32l4xx_hal.o
    0x20000020   0x080033d4   0x00000004   Data   RW         3032    .data               system_stm32l4xx.o
    0x20000024   0x080033d8   0x00000004   Data   RW         3359    .data               mc_w.l(stdout.o)
    0x20000028        -       0x0000004c   Zero   RW          226    .bss                i2c.o
    0x20000074        -       0x00000084   Zero   RW          268    .bss                usart.o
    0x200000f8        -       0x00000400   Zero   RW            1    STACK               startup_stm32l432xx.o


==============================================================================

Image component sizes


      Code (inc. data)   RO Data    RW Data    ZI Data      Debug   Object Name

       460         74          0         10          0       5790   bno055.o
        44          6          0          0          0        803   gpio.o
       188         20          0          0         76       1717   i2c.o
      1196        624          0          8          0     636126   main.o
        36          8        396          0       1024        836   startup_stm32l432xx.o
       162         24          0         12          0      11589   stm32l4xx_hal.o
       172         14          0          0          0      33154   stm32l4xx_hal_cortex.o
       418         20          0          0          0       1796   stm32l4xx_hal_gpio.o
      1376         38          0          0          0      11860   stm32l4xx_hal_i2c.o
       168          0          0          0          0       1923   stm32l4xx_hal_i2c_ex.o
        44          6          0          0          0        854   stm32l4xx_hal_msp.o
        16          4          0          0          0        547   stm32l4xx_hal_pwr.o
       120         20          0          0          0       1370   stm32l4xx_hal_pwr_ex.o
      2036         98          0          0          0       7012   stm32l4xx_hal_rcc.o
       966         36          0          0          0       3457   stm32l4xx_hal_rcc_ex.o
      1220         50          0          0          0       6357   stm32l4xx_hal_uart.o
        20          0          0          0          0       4190   stm32l4xx_it.o
        60         12         72          4          0       1209   system_stm32l4xx.o
       160         18          0          0        132       1730   usart.o

    ----------------------------------------------------------------------
      8886       1072        500         36       1232     732320   Object Totals
         0          0         32          0          0          0   (incl. Generated)
        24          0          0          2          0          0   (incl. Padding)

    ----------------------------------------------------------------------

      Code (inc. data)   RO Data    RW Data    ZI Data      Debug   Library Member Name

         0          0          0          0          0          0   entry.o
         0          0          0          0          0          0   entry10a.o
         0          0          0          0          0          0   entry11a.o
         4          0          0          0          0          0   entry12b.o
         8          4          0          0          0          0   entry2.o
         4          0          0          0          0          0   entry5.o
         0          0          0          0          0          0   entry7b.o
         0          0          0          0          0          0   entry8b.o
         8          4          0          0          0          0   entry9a.o
        18          0          0          0          0         80   fputc.o
        30          0          0          0          0          0   handlers.o
        36          8          0          0          0         68   init.o
         0          0          0          0          0          0   iusefp.o
         0          0          0          0          0          0   iusesemip.o
        30          0          0          0          0         68   llshl.o
        36          0          0          0          0         68   llsshr.o
        32          0          0          0          0         68   llushr.o
        36          0          0          0          0        108   memseta.o
      2304         94          0          0          0        620   printfa.o
         0          0          0          0          0          0   semi.o
         0          0          0          4          0          0   stdout.o
        44          0          0          0          0         80   uidiv.o
       104          0          0          0          0         92   uldiv.o
        48          0          0          0          0         68   cdrcmple.o
       350          0          0          0          0        148   dadd.o
       222          0          0          0          0        100   ddiv.o
       186          0          0          0          0        176   depilogue.o
        48          0          0          0          0         68   dfixul.o
        34          0          0          0          0         76   dflti.o
        26          0          0          0          0         76   dfltui.o
       234          0          0          0          0         96   dmul.o

    ----------------------------------------------------------------------
      3850        110          0          4          0       2060   Library Totals
         8          0          0          0          0          0   (incl. Padding)

    ----------------------------------------------------------------------

      Code (inc. data)   RO Data    RW Data    ZI Data      Debug   Library Name

      2694        110          0          4          0       1252   mc_w.l
      1148          0          0          0          0        808   mf_w.l

    ----------------------------------------------------------------------
      3850        110          0          4          0       2060   Library Totals

    ----------------------------------------------------------------------

==============================================================================


      Code (inc. data)   RO Data    RW Data    ZI Data      Debug   

     12736       1182        500         40       1232     727092   Grand Totals
     12736       1182        500         40       1232     727092   ELF Image Totals
     12736       1182        500         40          0          0   ROM Totals

==============================================================================

    Total RO  Size (Code + RO Data)                13236 (  12.93kB)
    Total RW  Size (RW Data + ZI Data)              1272 (   1.24kB)
    Total ROM Size (Code + RO Data + RW Data)      13276 (  12.96kB)

==============================================================================

